Component: ARM Compiler 5.06 update 5 (build 528) Tool: armlink [4d35e2]

==============================================================================

Section Cross References

    main.o(i.App_TaskStart) refers to os_cpu_c.o(i.OS_CPU_SysTickInit) for OS_CPU_SysTickInit
    main.o(i.App_TaskStart) refers to os_core.o(i.OSStatInit) for OSStatInit
    main.o(i.App_TaskStart) refers to main.o(i.App_TaskCreate) for App_TaskCreate
    main.o(i.App_TaskStart) refers to os_time.o(i.OSTimeDlyHMSM) for OSTimeDlyHMSM
    main.o(i.App_TaskStart) refers to system_lpc17xx.o(.data) for SystemFrequency
    main.o(i.main) refers to os_cpu_a.o(OSKernelschedular) for IntDisAll
    main.o(i.main) refers to os_core.o(i.OSInit) for OSInit
    main.o(i.main) refers to os_task.o(i.OSTaskCreateExt) for OSTaskCreateExt
    main.o(i.main) refers to os_task.o(i.OSTaskNameSet) for OSTaskNameSet
    main.o(i.main) refers to os_core.o(i.OSStart) for OSStart
    main.o(i.main) refers to main.o(.bss) for App_TaskStartStk
    main.o(i.main) refers to main.o(i.App_TaskStart) for App_TaskStart
    system_lpc17xx.o(i.SystemInit) refers to system_lpc17xx.o(.data) for SystemFrequency
    startup_lpc17xx.o(RESET) refers to startup_lpc17xx.o(STACK) for __initial_sp
    startup_lpc17xx.o(RESET) refers to startup_lpc17xx.o(.text) for Reset_Handler
    startup_lpc17xx.o(RESET) refers to os_cpu_a.o(OSKernelschedular) for PendSV_Handler
    startup_lpc17xx.o(RESET) refers to os_cpu_c.o(i.SysTick_Handler) for SysTick_Handler
    startup_lpc17xx.o(.text) refers to system_lpc17xx.o(i.SystemInit) for SystemInit
    startup_lpc17xx.o(.text) refers to entry.o(.ARM.Collect$$$$00000000) for __main
    os_cpu_a.o(OSKernelschedular) refers to os_core.o(.data) for OSRunning
    os_cpu_c.o(i.OSInitHookBegin) refers to os_cpu_c.o(.data) for OSTmrCtr
    os_cpu_c.o(i.OSTCBInitHook) refers to os_apphooks.o(i.App_TCBInitHook) for App_TCBInitHook
    os_cpu_c.o(i.OSTaskCreateHook) refers to os_apphooks.o(i.App_TaskCreateHook) for App_TaskCreateHook
    os_cpu_c.o(i.OSTaskDelHook) refers to os_apphooks.o(i.App_TaskDelHook) for App_TaskDelHook
    os_cpu_c.o(i.OSTaskIdleHook) refers to os_apphooks.o(i.App_TaskIdleHook) for App_TaskIdleHook
    os_cpu_c.o(i.OSTaskStatHook) refers to os_apphooks.o(i.App_TaskStatHook) for App_TaskStatHook
    os_cpu_c.o(i.OSTaskStkInit) refers to os_task.o(i.OS_TaskReturn) for OS_TaskReturn
    os_cpu_c.o(i.OSTaskSwHook) refers to os_apphooks.o(i.App_TaskSwHook) for App_TaskSwHook
    os_cpu_c.o(i.OSTimeTickHook) refers to os_apphooks.o(i.App_TimeTickHook) for App_TimeTickHook
    os_cpu_c.o(i.OSTimeTickHook) refers to os_tmr.o(i.OSTmrSignal) for OSTmrSignal
    os_cpu_c.o(i.OSTimeTickHook) refers to os_cpu_c.o(.data) for OSTmrCtr
    os_cpu_c.o(i.SysTick_Handler) refers to os_cpu_a.o(OSKernelschedular) for OS_CPU_SR_Save
    os_cpu_c.o(i.SysTick_Handler) refers to os_core.o(i.OSTimeTick) for OSTimeTick
    os_cpu_c.o(i.SysTick_Handler) refers to os_core.o(i.OSIntExit) for OSIntExit
    os_cpu_c.o(i.SysTick_Handler) refers to os_core.o(.data) for OSIntNesting
    os_dbg.o(i.OSDebugInit) refers to os_dbg.o(.constdata) for OSDebugEn
    os_dbg.o(i.OSDebugInit) refers to os_core.o(.bss) for OSTmrTbl
    os_core.o(i.OSEventNameGet) refers to os_cpu_a.o(OSKernelschedular) for OS_CPU_SR_Save
    os_core.o(i.OSEventNameGet) refers to os_core.o(i.OS_StrLen) for OS_StrLen
    os_core.o(i.OSEventNameGet) refers to os_core.o(.data) for OSIntNesting
    os_core.o(i.OSEventNameSet) refers to os_cpu_a.o(OSKernelschedular) for OS_CPU_SR_Save
    os_core.o(i.OSEventNameSet) refers to os_core.o(.data) for OSIntNesting
    os_core.o(i.OSEventPendMulti) refers to os_cpu_a.o(OSKernelschedular) for OS_CPU_SR_Save
    os_core.o(i.OSEventPendMulti) refers to os_core.o(i.OS_EventTaskWaitMulti) for OS_EventTaskWaitMulti
    os_core.o(i.OSEventPendMulti) refers to os_core.o(i.OS_Sched) for OS_Sched
    os_core.o(i.OSEventPendMulti) refers to os_core.o(i.OS_EventTaskRemoveMulti) for OS_EventTaskRemoveMulti
    os_core.o(i.OSEventPendMulti) refers to os_core.o(.data) for OSIntNesting
    os_core.o(i.OSInit) refers to os_cpu_c.o(i.OSInitHookBegin) for OSInitHookBegin
    os_core.o(i.OSInit) refers to os_core.o(i.OS_InitMisc) for OS_InitMisc
    os_core.o(i.OSInit) refers to os_core.o(i.OS_InitRdyList) for OS_InitRdyList
    os_core.o(i.OSInit) refers to os_core.o(i.OS_InitTCBList) for OS_InitTCBList
    os_core.o(i.OSInit) refers to os_core.o(i.OS_InitEventList) for OS_InitEventList
    os_core.o(i.OSInit) refers to os_flag.o(i.OS_FlagInit) for OS_FlagInit
    os_core.o(i.OSInit) refers to os_mem.o(i.OS_MemInit) for OS_MemInit
    os_core.o(i.OSInit) refers to os_q.o(i.OS_QInit) for OS_QInit
    os_core.o(i.OSInit) refers to os_core.o(i.OS_InitTaskIdle) for OS_InitTaskIdle
    os_core.o(i.OSInit) refers to os_core.o(i.OS_InitTaskStat) for OS_InitTaskStat
    os_core.o(i.OSInit) refers to os_tmr.o(i.OSTmr_Init) for OSTmr_Init
    os_core.o(i.OSInit) refers to os_cpu_c.o(i.OSInitHookEnd) for OSInitHookEnd
    os_core.o(i.OSInit) refers to os_dbg.o(i.OSDebugInit) for OSDebugInit
    os_core.o(i.OSIntEnter) refers to os_core.o(.data) for OSRunning
    os_core.o(i.OSIntExit) refers to os_cpu_a.o(OSKernelschedular) for OS_CPU_SR_Save
    os_core.o(i.OSIntExit) refers to os_core.o(i.OS_SchedNew) for OS_SchedNew
    os_core.o(i.OSIntExit) refers to os_core.o(.data) for OSRunning
    os_core.o(i.OSIntExit) refers to os_core.o(.bss) for OSTCBPrioTbl
    os_core.o(i.OSSchedLock) refers to os_cpu_a.o(OSKernelschedular) for OS_CPU_SR_Save
    os_core.o(i.OSSchedLock) refers to os_core.o(.data) for OSRunning
    os_core.o(i.OSSchedUnlock) refers to os_cpu_a.o(OSKernelschedular) for OS_CPU_SR_Save
    os_core.o(i.OSSchedUnlock) refers to os_core.o(i.OS_Sched) for OS_Sched
    os_core.o(i.OSSchedUnlock) refers to os_core.o(.data) for OSRunning
    os_core.o(i.OSStart) refers to os_core.o(i.OS_SchedNew) for OS_SchedNew
    os_core.o(i.OSStart) refers to os_cpu_a.o(OSKernelschedular) for OSStartHighRdy
    os_core.o(i.OSStart) refers to os_core.o(.data) for OSRunning
    os_core.o(i.OSStart) refers to os_core.o(.bss) for OSTCBPrioTbl
    os_core.o(i.OSStatInit) refers to os_time.o(i.OSTimeDly) for OSTimeDly
    os_core.o(i.OSStatInit) refers to os_cpu_a.o(OSKernelschedular) for OS_CPU_SR_Save
    os_core.o(i.OSStatInit) refers to os_core.o(.data) for OSIdleCtr
    os_core.o(i.OSTimeTick) refers to os_cpu_c.o(i.OSTimeTickHook) for OSTimeTickHook
    os_core.o(i.OSTimeTick) refers to os_cpu_a.o(OSKernelschedular) for OS_CPU_SR_Save
    os_core.o(i.OSTimeTick) refers to os_core.o(.data) for OSTime
    os_core.o(i.OS_EventTaskRdy) refers to os_core.o(i.OS_EventTaskRemove) for OS_EventTaskRemove
    os_core.o(i.OS_EventTaskRdy) refers to os_core.o(i.OS_EventTaskRemoveMulti) for OS_EventTaskRemoveMulti
    os_core.o(i.OS_EventTaskRdy) refers to os_core.o(.constdata) for OSUnMapTbl
    os_core.o(i.OS_EventTaskRdy) refers to os_core.o(.bss) for OSTCBPrioTbl
    os_core.o(i.OS_EventTaskRdy) refers to os_core.o(.data) for OSRdyGrp
    os_core.o(i.OS_EventTaskWait) refers to os_core.o(.data) for OSTCBCur
    os_core.o(i.OS_EventTaskWaitMulti) refers to os_core.o(.data) for OSTCBCur
    os_core.o(i.OS_InitEventList) refers to os_core.o(i.OS_MemClr) for OS_MemClr
    os_core.o(i.OS_InitEventList) refers to os_core.o(.bss) for OSEventTbl
    os_core.o(i.OS_InitEventList) refers to os_core.o(.data) for OSEventFreeList
    os_core.o(i.OS_InitMisc) refers to os_core.o(.data) for OSTime
    os_core.o(i.OS_InitRdyList) refers to os_core.o(.data) for OSRdyGrp
    os_core.o(i.OS_InitTCBList) refers to os_core.o(i.OS_MemClr) for OS_MemClr
    os_core.o(i.OS_InitTCBList) refers to os_core.o(.bss) for OSTCBTbl
    os_core.o(i.OS_InitTCBList) refers to os_core.o(.data) for OSTCBList
    os_core.o(i.OS_InitTaskIdle) refers to os_task.o(i.OSTaskCreateExt) for OSTaskCreateExt
    os_core.o(i.OS_InitTaskIdle) refers to os_task.o(i.OSTaskNameSet) for OSTaskNameSet
    os_core.o(i.OS_InitTaskIdle) refers to os_core.o(.bss) for OSTaskIdleStk
    os_core.o(i.OS_InitTaskIdle) refers to os_core.o(i.OS_TaskIdle) for OS_TaskIdle
    os_core.o(i.OS_InitTaskStat) refers to os_task.o(i.OSTaskCreateExt) for OSTaskCreateExt
    os_core.o(i.OS_InitTaskStat) refers to os_task.o(i.OSTaskNameSet) for OSTaskNameSet
    os_core.o(i.OS_InitTaskStat) refers to os_core.o(.bss) for OSTaskStatStk
    os_core.o(i.OS_InitTaskStat) refers to os_core.o(i.OS_TaskStat) for OS_TaskStat
    os_core.o(i.OS_Sched) refers to os_cpu_a.o(OSKernelschedular) for OS_CPU_SR_Save
    os_core.o(i.OS_Sched) refers to os_core.o(i.OS_SchedNew) for OS_SchedNew
    os_core.o(i.OS_Sched) refers to os_core.o(.data) for OSIntNesting
    os_core.o(i.OS_Sched) refers to os_core.o(.bss) for OSTCBPrioTbl
    os_core.o(i.OS_SchedNew) refers to os_core.o(.constdata) for OSUnMapTbl
    os_core.o(i.OS_SchedNew) refers to os_core.o(.data) for OSRdyGrp
    os_core.o(i.OS_TCBInit) refers to os_cpu_a.o(OSKernelschedular) for OS_CPU_SR_Save
    os_core.o(i.OS_TCBInit) refers to os_cpu_c.o(i.OSTCBInitHook) for OSTCBInitHook
    os_core.o(i.OS_TCBInit) refers to os_cpu_c.o(i.OSTaskCreateHook) for OSTaskCreateHook
    os_core.o(i.OS_TCBInit) refers to os_core.o(.data) for OSTCBFreeList
    os_core.o(i.OS_TCBInit) refers to os_core.o(.bss) for OSTCBPrioTbl
    os_core.o(i.OS_TaskIdle) refers to os_cpu_a.o(OSKernelschedular) for OS_CPU_SR_Save
    os_core.o(i.OS_TaskIdle) refers to os_cpu_c.o(i.OSTaskIdleHook) for OSTaskIdleHook
    os_core.o(i.OS_TaskIdle) refers to os_core.o(.data) for OSIdleCtr
    os_core.o(i.OS_TaskStat) refers to os_time.o(i.OSTimeDly) for OSTimeDly
    os_core.o(i.OS_TaskStat) refers to os_task.o(i.OSTaskSuspend) for OSTaskSuspend
    os_core.o(i.OS_TaskStat) refers to os_cpu_a.o(OSKernelschedular) for OS_CPU_SR_Save
    os_core.o(i.OS_TaskStat) refers to os_cpu_c.o(i.OSTaskStatHook) for OSTaskStatHook
    os_core.o(i.OS_TaskStat) refers to os_core.o(i.OS_TaskStatStkChk) for OS_TaskStatStkChk
    os_core.o(i.OS_TaskStat) refers to os_core.o(.data) for OSStatRdy
    os_core.o(i.OS_TaskStatStkChk) refers to os_task.o(i.OSTaskStkChk) for OSTaskStkChk
    os_core.o(i.OS_TaskStatStkChk) refers to os_core.o(.bss) for OSTCBPrioTbl
    os_flag.o(i.OSFlagAccept) refers to os_cpu_a.o(OSKernelschedular) for OS_CPU_SR_Save
    os_flag.o(i.OSFlagCreate) refers to os_cpu_a.o(OSKernelschedular) for OS_CPU_SR_Save
    os_flag.o(i.OSFlagCreate) refers to os_core.o(.data) for OSIntNesting
    os_flag.o(i.OSFlagDel) refers to os_cpu_a.o(OSKernelschedular) for OS_CPU_SR_Save
    os_flag.o(i.OSFlagDel) refers to os_flag.o(i.OS_FlagTaskRdy) for OS_FlagTaskRdy
    os_flag.o(i.OSFlagDel) refers to os_core.o(i.OS_Sched) for OS_Sched
    os_flag.o(i.OSFlagDel) refers to os_core.o(.data) for OSIntNesting
    os_flag.o(i.OSFlagNameGet) refers to os_cpu_a.o(OSKernelschedular) for OS_CPU_SR_Save
    os_flag.o(i.OSFlagNameGet) refers to os_core.o(i.OS_StrLen) for OS_StrLen
    os_flag.o(i.OSFlagNameGet) refers to os_core.o(.data) for OSIntNesting
    os_flag.o(i.OSFlagNameSet) refers to os_cpu_a.o(OSKernelschedular) for OS_CPU_SR_Save
    os_flag.o(i.OSFlagNameSet) refers to os_core.o(.data) for OSIntNesting
    os_flag.o(i.OSFlagPend) refers to os_cpu_a.o(OSKernelschedular) for OS_CPU_SR_Save
    os_flag.o(i.OSFlagPend) refers to os_flag.o(i.OS_FlagBlock) for OS_FlagBlock
    os_flag.o(i.OSFlagPend) refers to os_core.o(i.OS_Sched) for OS_Sched
    os_flag.o(i.OSFlagPend) refers to os_flag.o(i.OS_FlagUnlink) for OS_FlagUnlink
    os_flag.o(i.OSFlagPend) refers to os_core.o(.data) for OSIntNesting
    os_flag.o(i.OSFlagPendGetFlagsRdy) refers to os_cpu_a.o(OSKernelschedular) for OS_CPU_SR_Save
    os_flag.o(i.OSFlagPendGetFlagsRdy) refers to os_core.o(.data) for OSTCBCur
    os_flag.o(i.OSFlagPost) refers to os_cpu_a.o(OSKernelschedular) for OS_CPU_SR_Save
    os_flag.o(i.OSFlagPost) refers to os_flag.o(i.OS_FlagTaskRdy) for OS_FlagTaskRdy
    os_flag.o(i.OSFlagPost) refers to os_core.o(i.OS_Sched) for OS_Sched
    os_flag.o(i.OSFlagQuery) refers to os_cpu_a.o(OSKernelschedular) for OS_CPU_SR_Save
    os_flag.o(i.OS_FlagBlock) refers to os_core.o(.data) for OSTCBCur
    os_flag.o(i.OS_FlagInit) refers to os_core.o(i.OS_MemClr) for OS_MemClr
    os_flag.o(i.OS_FlagInit) refers to os_core.o(.bss) for OSFlagTbl
    os_flag.o(i.OS_FlagInit) refers to os_core.o(.data) for OSFlagFreeList
    os_flag.o(i.OS_FlagTaskRdy) refers to os_flag.o(i.OS_FlagUnlink) for OS_FlagUnlink
    os_flag.o(i.OS_FlagTaskRdy) refers to os_core.o(.data) for OSRdyGrp
    os_mbox.o(i.OSMboxAccept) refers to os_cpu_a.o(OSKernelschedular) for OS_CPU_SR_Save
    os_mbox.o(i.OSMboxCreate) refers to os_cpu_a.o(OSKernelschedular) for OS_CPU_SR_Save
    os_mbox.o(i.OSMboxCreate) refers to os_core.o(i.OS_EventWaitListInit) for OS_EventWaitListInit
    os_mbox.o(i.OSMboxCreate) refers to os_core.o(.data) for OSIntNesting
    os_mbox.o(i.OSMboxDel) refers to os_cpu_a.o(OSKernelschedular) for OS_CPU_SR_Save
    os_mbox.o(i.OSMboxDel) refers to os_core.o(i.OS_EventTaskRdy) for OS_EventTaskRdy
    os_mbox.o(i.OSMboxDel) refers to os_core.o(i.OS_Sched) for OS_Sched
    os_mbox.o(i.OSMboxDel) refers to os_core.o(.data) for OSIntNesting
    os_mbox.o(i.OSMboxPend) refers to os_cpu_a.o(OSKernelschedular) for OS_CPU_SR_Save
    os_mbox.o(i.OSMboxPend) refers to os_core.o(i.OS_EventTaskWait) for OS_EventTaskWait
    os_mbox.o(i.OSMboxPend) refers to os_core.o(i.OS_Sched) for OS_Sched
    os_mbox.o(i.OSMboxPend) refers to os_core.o(i.OS_EventTaskRemove) for OS_EventTaskRemove
    os_mbox.o(i.OSMboxPend) refers to os_core.o(.data) for OSIntNesting
    os_mbox.o(i.OSMboxPendAbort) refers to os_cpu_a.o(OSKernelschedular) for OS_CPU_SR_Save
    os_mbox.o(i.OSMboxPendAbort) refers to os_core.o(i.OS_EventTaskRdy) for OS_EventTaskRdy
    os_mbox.o(i.OSMboxPendAbort) refers to os_core.o(i.OS_Sched) for OS_Sched
    os_mbox.o(i.OSMboxPost) refers to os_cpu_a.o(OSKernelschedular) for OS_CPU_SR_Save
    os_mbox.o(i.OSMboxPost) refers to os_core.o(i.OS_EventTaskRdy) for OS_EventTaskRdy
    os_mbox.o(i.OSMboxPost) refers to os_core.o(i.OS_Sched) for OS_Sched
    os_mbox.o(i.OSMboxPostOpt) refers to os_cpu_a.o(OSKernelschedular) for OS_CPU_SR_Save
    os_mbox.o(i.OSMboxPostOpt) refers to os_core.o(i.OS_EventTaskRdy) for OS_EventTaskRdy
    os_mbox.o(i.OSMboxPostOpt) refers to os_core.o(i.OS_Sched) for OS_Sched
    os_mbox.o(i.OSMboxQuery) refers to os_cpu_a.o(OSKernelschedular) for OS_CPU_SR_Save
    os_mem.o(i.OSMemCreate) refers to os_cpu_a.o(OSKernelschedular) for OS_CPU_SR_Save
    os_mem.o(i.OSMemCreate) refers to os_core.o(.data) for OSMemFreeList
    os_mem.o(i.OSMemGet) refers to os_cpu_a.o(OSKernelschedular) for OS_CPU_SR_Save
    os_mem.o(i.OSMemNameGet) refers to os_cpu_a.o(OSKernelschedular) for OS_CPU_SR_Save
    os_mem.o(i.OSMemNameGet) refers to os_core.o(i.OS_StrLen) for OS_StrLen
    os_mem.o(i.OSMemNameGet) refers to os_core.o(.data) for OSIntNesting
    os_mem.o(i.OSMemNameSet) refers to os_cpu_a.o(OSKernelschedular) for OS_CPU_SR_Save
    os_mem.o(i.OSMemNameSet) refers to os_core.o(.data) for OSIntNesting
    os_mem.o(i.OSMemPut) refers to os_cpu_a.o(OSKernelschedular) for OS_CPU_SR_Save
    os_mem.o(i.OSMemQuery) refers to os_cpu_a.o(OSKernelschedular) for OS_CPU_SR_Save
    os_mem.o(i.OS_MemInit) refers to os_core.o(i.OS_MemClr) for OS_MemClr
    os_mem.o(i.OS_MemInit) refers to os_core.o(.bss) for OSMemTbl
    os_mem.o(i.OS_MemInit) refers to os_core.o(.data) for OSMemFreeList
    os_mutex.o(i.OSMutexAccept) refers to os_cpu_a.o(OSKernelschedular) for OS_CPU_SR_Save
    os_mutex.o(i.OSMutexAccept) refers to os_core.o(.data) for OSIntNesting
    os_mutex.o(i.OSMutexCreate) refers to os_cpu_a.o(OSKernelschedular) for OS_CPU_SR_Save
    os_mutex.o(i.OSMutexCreate) refers to os_core.o(i.OS_EventWaitListInit) for OS_EventWaitListInit
    os_mutex.o(i.OSMutexCreate) refers to os_core.o(.data) for OSIntNesting
    os_mutex.o(i.OSMutexCreate) refers to os_core.o(.bss) for OSTCBPrioTbl
    os_mutex.o(i.OSMutexDel) refers to os_cpu_a.o(OSKernelschedular) for OS_CPU_SR_Save
    os_mutex.o(i.OSMutexDel) refers to os_mutex.o(i.OSMutex_RdyAtPrio) for OSMutex_RdyAtPrio
    os_mutex.o(i.OSMutexDel) refers to os_core.o(i.OS_EventTaskRdy) for OS_EventTaskRdy
    os_mutex.o(i.OSMutexDel) refers to os_core.o(i.OS_Sched) for OS_Sched
    os_mutex.o(i.OSMutexDel) refers to os_core.o(.data) for OSIntNesting
    os_mutex.o(i.OSMutexDel) refers to os_core.o(.bss) for OSTCBPrioTbl
    os_mutex.o(i.OSMutexPend) refers to os_cpu_a.o(OSKernelschedular) for OS_CPU_SR_Save
    os_mutex.o(i.OSMutexPend) refers to os_core.o(i.OS_EventTaskWait) for OS_EventTaskWait
    os_mutex.o(i.OSMutexPend) refers to os_core.o(i.OS_Sched) for OS_Sched
    os_mutex.o(i.OSMutexPend) refers to os_core.o(i.OS_EventTaskRemove) for OS_EventTaskRemove
    os_mutex.o(i.OSMutexPend) refers to os_core.o(.data) for OSIntNesting
    os_mutex.o(i.OSMutexPend) refers to os_core.o(.bss) for OSTCBPrioTbl
    os_mutex.o(i.OSMutexPost) refers to os_cpu_a.o(OSKernelschedular) for OS_CPU_SR_Save
    os_mutex.o(i.OSMutexPost) refers to os_mutex.o(i.OSMutex_RdyAtPrio) for OSMutex_RdyAtPrio
    os_mutex.o(i.OSMutexPost) refers to os_core.o(i.OS_EventTaskRdy) for OS_EventTaskRdy
    os_mutex.o(i.OSMutexPost) refers to os_core.o(i.OS_Sched) for OS_Sched
    os_mutex.o(i.OSMutexPost) refers to os_core.o(.data) for OSIntNesting
    os_mutex.o(i.OSMutexPost) refers to os_core.o(.bss) for OSTCBPrioTbl
    os_mutex.o(i.OSMutexQuery) refers to os_cpu_a.o(OSKernelschedular) for OS_CPU_SR_Save
    os_mutex.o(i.OSMutexQuery) refers to os_core.o(.data) for OSIntNesting
    os_mutex.o(i.OSMutex_RdyAtPrio) refers to os_core.o(.data) for OSRdyTbl
    os_mutex.o(i.OSMutex_RdyAtPrio) refers to os_core.o(.bss) for OSTCBPrioTbl
    os_q.o(i.OSQAccept) refers to os_cpu_a.o(OSKernelschedular) for OS_CPU_SR_Save
    os_q.o(i.OSQCreate) refers to os_cpu_a.o(OSKernelschedular) for OS_CPU_SR_Save
    os_q.o(i.OSQCreate) refers to os_core.o(i.OS_EventWaitListInit) for OS_EventWaitListInit
    os_q.o(i.OSQCreate) refers to os_core.o(.data) for OSIntNesting
    os_q.o(i.OSQDel) refers to os_cpu_a.o(OSKernelschedular) for OS_CPU_SR_Save
    os_q.o(i.OSQDel) refers to os_core.o(i.OS_EventTaskRdy) for OS_EventTaskRdy
    os_q.o(i.OSQDel) refers to os_core.o(i.OS_Sched) for OS_Sched
    os_q.o(i.OSQDel) refers to os_core.o(.data) for OSIntNesting
    os_q.o(i.OSQFlush) refers to os_cpu_a.o(OSKernelschedular) for OS_CPU_SR_Save
    os_q.o(i.OSQPend) refers to os_cpu_a.o(OSKernelschedular) for OS_CPU_SR_Save
    os_q.o(i.OSQPend) refers to os_core.o(i.OS_EventTaskWait) for OS_EventTaskWait
    os_q.o(i.OSQPend) refers to os_core.o(i.OS_Sched) for OS_Sched
    os_q.o(i.OSQPend) refers to os_core.o(i.OS_EventTaskRemove) for OS_EventTaskRemove
    os_q.o(i.OSQPend) refers to os_core.o(.data) for OSIntNesting
    os_q.o(i.OSQPendAbort) refers to os_cpu_a.o(OSKernelschedular) for OS_CPU_SR_Save
    os_q.o(i.OSQPendAbort) refers to os_core.o(i.OS_EventTaskRdy) for OS_EventTaskRdy
    os_q.o(i.OSQPendAbort) refers to os_core.o(i.OS_Sched) for OS_Sched
    os_q.o(i.OSQPost) refers to os_cpu_a.o(OSKernelschedular) for OS_CPU_SR_Save
    os_q.o(i.OSQPost) refers to os_core.o(i.OS_EventTaskRdy) for OS_EventTaskRdy
    os_q.o(i.OSQPost) refers to os_core.o(i.OS_Sched) for OS_Sched
    os_q.o(i.OSQPostFront) refers to os_cpu_a.o(OSKernelschedular) for OS_CPU_SR_Save
    os_q.o(i.OSQPostFront) refers to os_core.o(i.OS_EventTaskRdy) for OS_EventTaskRdy
    os_q.o(i.OSQPostFront) refers to os_core.o(i.OS_Sched) for OS_Sched
    os_q.o(i.OSQPostOpt) refers to os_cpu_a.o(OSKernelschedular) for OS_CPU_SR_Save
    os_q.o(i.OSQPostOpt) refers to os_core.o(i.OS_EventTaskRdy) for OS_EventTaskRdy
    os_q.o(i.OSQPostOpt) refers to os_core.o(i.OS_Sched) for OS_Sched
    os_q.o(i.OSQQuery) refers to os_cpu_a.o(OSKernelschedular) for OS_CPU_SR_Save
    os_q.o(i.OS_QInit) refers to os_core.o(i.OS_MemClr) for OS_MemClr
    os_q.o(i.OS_QInit) refers to os_core.o(.bss) for OSQTbl
    os_q.o(i.OS_QInit) refers to os_core.o(.data) for OSQFreeList
    os_sem.o(i.OSSemAccept) refers to os_cpu_a.o(OSKernelschedular) for OS_CPU_SR_Save
    os_sem.o(i.OSSemCreate) refers to os_cpu_a.o(OSKernelschedular) for OS_CPU_SR_Save
    os_sem.o(i.OSSemCreate) refers to os_core.o(i.OS_EventWaitListInit) for OS_EventWaitListInit
    os_sem.o(i.OSSemCreate) refers to os_core.o(.data) for OSIntNesting
    os_sem.o(i.OSSemDel) refers to os_cpu_a.o(OSKernelschedular) for OS_CPU_SR_Save
    os_sem.o(i.OSSemDel) refers to os_core.o(i.OS_EventTaskRdy) for OS_EventTaskRdy
    os_sem.o(i.OSSemDel) refers to os_core.o(i.OS_Sched) for OS_Sched
    os_sem.o(i.OSSemDel) refers to os_core.o(.data) for OSIntNesting
    os_sem.o(i.OSSemPend) refers to os_cpu_a.o(OSKernelschedular) for OS_CPU_SR_Save
    os_sem.o(i.OSSemPend) refers to os_core.o(i.OS_EventTaskWait) for OS_EventTaskWait
    os_sem.o(i.OSSemPend) refers to os_core.o(i.OS_Sched) for OS_Sched
    os_sem.o(i.OSSemPend) refers to os_core.o(i.OS_EventTaskRemove) for OS_EventTaskRemove
    os_sem.o(i.OSSemPend) refers to os_core.o(.data) for OSIntNesting
    os_sem.o(i.OSSemPendAbort) refers to os_cpu_a.o(OSKernelschedular) for OS_CPU_SR_Save
    os_sem.o(i.OSSemPendAbort) refers to os_core.o(i.OS_EventTaskRdy) for OS_EventTaskRdy
    os_sem.o(i.OSSemPendAbort) refers to os_core.o(i.OS_Sched) for OS_Sched
    os_sem.o(i.OSSemPost) refers to os_cpu_a.o(OSKernelschedular) for OS_CPU_SR_Save
    os_sem.o(i.OSSemPost) refers to os_core.o(i.OS_EventTaskRdy) for OS_EventTaskRdy
    os_sem.o(i.OSSemPost) refers to os_core.o(i.OS_Sched) for OS_Sched
    os_sem.o(i.OSSemQuery) refers to os_cpu_a.o(OSKernelschedular) for OS_CPU_SR_Save
    os_sem.o(i.OSSemSet) refers to os_cpu_a.o(OSKernelschedular) for OS_CPU_SR_Save
    os_task.o(i.OSTaskChangePrio) refers to os_cpu_a.o(OSKernelschedular) for OS_CPU_SR_Save
    os_task.o(i.OSTaskChangePrio) refers to os_core.o(i.OS_Sched) for OS_Sched
    os_task.o(i.OSTaskChangePrio) refers to os_core.o(.bss) for OSTCBPrioTbl
    os_task.o(i.OSTaskChangePrio) refers to os_core.o(.data) for OSTCBCur
    os_task.o(i.OSTaskCreate) refers to os_cpu_a.o(OSKernelschedular) for OS_CPU_SR_Save
    os_task.o(i.OSTaskCreate) refers to os_cpu_c.o(i.OSTaskStkInit) for OSTaskStkInit
    os_task.o(i.OSTaskCreate) refers to os_core.o(i.OS_TCBInit) for OS_TCBInit
    os_task.o(i.OSTaskCreate) refers to os_core.o(i.OS_Sched) for OS_Sched
    os_task.o(i.OSTaskCreate) refers to os_core.o(.data) for OSIntNesting
    os_task.o(i.OSTaskCreate) refers to os_core.o(.bss) for OSTCBPrioTbl
    os_task.o(i.OSTaskCreateExt) refers to os_cpu_a.o(OSKernelschedular) for OS_CPU_SR_Save
    os_task.o(i.OSTaskCreateExt) refers to os_task.o(i.OS_TaskStkClr) for OS_TaskStkClr
    os_task.o(i.OSTaskCreateExt) refers to os_cpu_c.o(i.OSTaskStkInit) for OSTaskStkInit
    os_task.o(i.OSTaskCreateExt) refers to os_core.o(i.OS_TCBInit) for OS_TCBInit
    os_task.o(i.OSTaskCreateExt) refers to os_core.o(i.OS_Sched) for OS_Sched
    os_task.o(i.OSTaskCreateExt) refers to os_core.o(.data) for OSIntNesting
    os_task.o(i.OSTaskCreateExt) refers to os_core.o(.bss) for OSTCBPrioTbl
    os_task.o(i.OSTaskDel) refers to os_cpu_a.o(OSKernelschedular) for OS_CPU_SR_Save
    os_task.o(i.OSTaskDel) refers to os_core.o(i.OS_EventTaskRemove) for OS_EventTaskRemove
    os_task.o(i.OSTaskDel) refers to os_core.o(i.OS_EventTaskRemoveMulti) for OS_EventTaskRemoveMulti
    os_task.o(i.OSTaskDel) refers to os_flag.o(i.OS_FlagUnlink) for OS_FlagUnlink
    os_task.o(i.OSTaskDel) refers to os_core.o(i.OS_Dummy) for OS_Dummy
    os_task.o(i.OSTaskDel) refers to os_cpu_c.o(i.OSTaskDelHook) for OSTaskDelHook
    os_task.o(i.OSTaskDel) refers to os_core.o(i.OS_Sched) for OS_Sched
    os_task.o(i.OSTaskDel) refers to os_core.o(.data) for OSIntNesting
    os_task.o(i.OSTaskDel) refers to os_core.o(.bss) for OSTCBPrioTbl
    os_task.o(i.OSTaskDelReq) refers to os_cpu_a.o(OSKernelschedular) for OS_CPU_SR_Save
    os_task.o(i.OSTaskDelReq) refers to os_core.o(.data) for OSTCBCur
    os_task.o(i.OSTaskDelReq) refers to os_core.o(.bss) for OSTCBPrioTbl
    os_task.o(i.OSTaskNameGet) refers to os_cpu_a.o(OSKernelschedular) for OS_CPU_SR_Save
    os_task.o(i.OSTaskNameGet) refers to os_core.o(i.OS_StrLen) for OS_StrLen
    os_task.o(i.OSTaskNameGet) refers to os_core.o(.data) for OSIntNesting
    os_task.o(i.OSTaskNameGet) refers to os_core.o(.bss) for OSTCBPrioTbl
    os_task.o(i.OSTaskNameSet) refers to os_cpu_a.o(OSKernelschedular) for OS_CPU_SR_Save
    os_task.o(i.OSTaskNameSet) refers to os_core.o(.data) for OSIntNesting
    os_task.o(i.OSTaskNameSet) refers to os_core.o(.bss) for OSTCBPrioTbl
    os_task.o(i.OSTaskQuery) refers to os_cpu_a.o(OSKernelschedular) for OS_CPU_SR_Save
    os_task.o(i.OSTaskQuery) refers to os_core.o(i.OS_MemCopy) for OS_MemCopy
    os_task.o(i.OSTaskQuery) refers to os_core.o(.data) for OSTCBCur
    os_task.o(i.OSTaskQuery) refers to os_core.o(.bss) for OSTCBPrioTbl
    os_task.o(i.OSTaskRegGet) refers to os_cpu_a.o(OSKernelschedular) for OS_CPU_SR_Save
    os_task.o(i.OSTaskRegGet) refers to os_core.o(.data) for OSTCBCur
    os_task.o(i.OSTaskRegGet) refers to os_core.o(.bss) for OSTCBPrioTbl
    os_task.o(i.OSTaskRegSet) refers to os_cpu_a.o(OSKernelschedular) for OS_CPU_SR_Save
    os_task.o(i.OSTaskRegSet) refers to os_core.o(.data) for OSTCBCur
    os_task.o(i.OSTaskRegSet) refers to os_core.o(.bss) for OSTCBPrioTbl
    os_task.o(i.OSTaskResume) refers to os_cpu_a.o(OSKernelschedular) for OS_CPU_SR_Save
    os_task.o(i.OSTaskResume) refers to os_core.o(i.OS_Sched) for OS_Sched
    os_task.o(i.OSTaskResume) refers to os_core.o(.bss) for OSTCBPrioTbl
    os_task.o(i.OSTaskResume) refers to os_core.o(.data) for OSRdyGrp
    os_task.o(i.OSTaskStkChk) refers to os_cpu_a.o(OSKernelschedular) for OS_CPU_SR_Save
    os_task.o(i.OSTaskStkChk) refers to os_core.o(.data) for OSTCBCur
    os_task.o(i.OSTaskStkChk) refers to os_core.o(.bss) for OSTCBPrioTbl
    os_task.o(i.OSTaskSuspend) refers to os_cpu_a.o(OSKernelschedular) for OS_CPU_SR_Save
    os_task.o(i.OSTaskSuspend) refers to os_core.o(i.OS_Sched) for OS_Sched
    os_task.o(i.OSTaskSuspend) refers to os_core.o(.data) for OSTCBCur
    os_task.o(i.OSTaskSuspend) refers to os_core.o(.bss) for OSTCBPrioTbl
    os_task.o(i.OS_TaskReturn) refers to os_apphooks.o(i.OSTaskReturnHook) for OSTaskReturnHook
    os_task.o(i.OS_TaskReturn) refers to os_task.o(i.OSTaskDel) for OSTaskDel
    os_task.o(i.OS_TaskReturn) refers to os_core.o(.data) for OSTCBCur
    os_time.o(i.OSTimeDly) refers to os_cpu_a.o(OSKernelschedular) for OS_CPU_SR_Save
    os_time.o(i.OSTimeDly) refers to os_core.o(i.OS_Sched) for OS_Sched
    os_time.o(i.OSTimeDly) refers to os_core.o(.data) for OSIntNesting
    os_time.o(i.OSTimeDlyHMSM) refers to os_time.o(i.OSTimeDly) for OSTimeDly
    os_time.o(i.OSTimeDlyHMSM) refers to os_core.o(.data) for OSIntNesting
    os_time.o(i.OSTimeDlyResume) refers to os_cpu_a.o(OSKernelschedular) for OS_CPU_SR_Save
    os_time.o(i.OSTimeDlyResume) refers to os_core.o(i.OS_Sched) for OS_Sched
    os_time.o(i.OSTimeDlyResume) refers to os_core.o(.bss) for OSTCBPrioTbl
    os_time.o(i.OSTimeDlyResume) refers to os_core.o(.data) for OSRdyGrp
    os_time.o(i.OSTimeGet) refers to os_cpu_a.o(OSKernelschedular) for OS_CPU_SR_Save
    os_time.o(i.OSTimeGet) refers to os_core.o(.data) for OSTime
    os_time.o(i.OSTimeSet) refers to os_cpu_a.o(OSKernelschedular) for OS_CPU_SR_Save
    os_time.o(i.OSTimeSet) refers to os_core.o(.data) for OSTime
    os_tmr.o(i.OSTmrCreate) refers to os_core.o(i.OSSchedLock) for OSSchedLock
    os_tmr.o(i.OSTmrCreate) refers to os_tmr.o(i.OSTmr_Alloc) for OSTmr_Alloc
    os_tmr.o(i.OSTmrCreate) refers to os_core.o(i.OSSchedUnlock) for OSSchedUnlock
    os_tmr.o(i.OSTmrCreate) refers to os_core.o(.data) for OSIntNesting
    os_tmr.o(i.OSTmrDel) refers to os_core.o(i.OSSchedLock) for OSSchedLock
    os_tmr.o(i.OSTmrDel) refers to os_tmr.o(i.OSTmr_Unlink) for OSTmr_Unlink
    os_tmr.o(i.OSTmrDel) refers to os_tmr.o(i.OSTmr_Free) for OSTmr_Free
    os_tmr.o(i.OSTmrDel) refers to os_core.o(i.OSSchedUnlock) for OSSchedUnlock
    os_tmr.o(i.OSTmrDel) refers to os_core.o(.data) for OSIntNesting
    os_tmr.o(i.OSTmrNameGet) refers to os_core.o(i.OSSchedLock) for OSSchedLock
    os_tmr.o(i.OSTmrNameGet) refers to os_core.o(i.OS_StrLen) for OS_StrLen
    os_tmr.o(i.OSTmrNameGet) refers to os_core.o(i.OSSchedUnlock) for OSSchedUnlock
    os_tmr.o(i.OSTmrNameGet) refers to os_core.o(.data) for OSIntNesting
    os_tmr.o(i.OSTmrRemainGet) refers to os_core.o(i.OSSchedLock) for OSSchedLock
    os_tmr.o(i.OSTmrRemainGet) refers to os_core.o(i.OSSchedUnlock) for OSSchedUnlock
    os_tmr.o(i.OSTmrRemainGet) refers to os_core.o(.data) for OSIntNesting
    os_tmr.o(i.OSTmrSignal) refers to os_sem.o(i.OSSemPost) for OSSemPost
    os_tmr.o(i.OSTmrSignal) refers to os_core.o(.data) for OSTmrSemSignal
    os_tmr.o(i.OSTmrStart) refers to os_core.o(i.OSSchedLock) for OSSchedLock
    os_tmr.o(i.OSTmrStart) refers to os_tmr.o(i.OSTmr_Unlink) for OSTmr_Unlink
    os_tmr.o(i.OSTmrStart) refers to os_tmr.o(i.OSTmr_Link) for OSTmr_Link
    os_tmr.o(i.OSTmrStart) refers to os_core.o(i.OSSchedUnlock) for OSSchedUnlock
    os_tmr.o(i.OSTmrStart) refers to os_core.o(.data) for OSIntNesting
    os_tmr.o(i.OSTmrStateGet) refers to os_core.o(i.OSSchedLock) for OSSchedLock
    os_tmr.o(i.OSTmrStateGet) refers to os_core.o(i.OSSchedUnlock) for OSSchedUnlock
    os_tmr.o(i.OSTmrStateGet) refers to os_core.o(.data) for OSIntNesting
    os_tmr.o(i.OSTmrStop) refers to os_core.o(i.OSSchedLock) for OSSchedLock
    os_tmr.o(i.OSTmrStop) refers to os_tmr.o(i.OSTmr_Unlink) for OSTmr_Unlink
    os_tmr.o(i.OSTmrStop) refers to os_core.o(i.OSSchedUnlock) for OSSchedUnlock
    os_tmr.o(i.OSTmrStop) refers to os_core.o(.data) for OSIntNesting
    os_tmr.o(i.OSTmr_Alloc) refers to os_core.o(.data) for OSTmrFreeList
    os_tmr.o(i.OSTmr_Free) refers to os_core.o(.data) for OSTmrFreeList
    os_tmr.o(i.OSTmr_Init) refers to os_core.o(i.OS_MemClr) for OS_MemClr
    os_tmr.o(i.OSTmr_Init) refers to os_sem.o(i.OSSemCreate) for OSSemCreate
    os_tmr.o(i.OSTmr_Init) refers to os_core.o(i.OSEventNameSet) for OSEventNameSet
    os_tmr.o(i.OSTmr_Init) refers to os_tmr.o(i.OSTmr_InitTask) for OSTmr_InitTask
    os_tmr.o(i.OSTmr_Init) refers to os_core.o(.bss) for OSTmrTbl
    os_tmr.o(i.OSTmr_Init) refers to os_core.o(.data) for OSTmrTime
    os_tmr.o(i.OSTmr_InitTask) refers to os_task.o(i.OSTaskCreateExt) for OSTaskCreateExt
    os_tmr.o(i.OSTmr_InitTask) refers to os_task.o(i.OSTaskNameSet) for OSTaskNameSet
    os_tmr.o(i.OSTmr_InitTask) refers to os_core.o(.bss) for OSTmrTaskStk
    os_tmr.o(i.OSTmr_InitTask) refers to os_tmr.o(i.OSTmr_Task) for OSTmr_Task
    os_tmr.o(i.OSTmr_Link) refers to os_core.o(.data) for OSTmrTime
    os_tmr.o(i.OSTmr_Link) refers to os_core.o(.bss) for OSTmrWheelTbl
    os_tmr.o(i.OSTmr_Task) refers to os_sem.o(i.OSSemPend) for OSSemPend
    os_tmr.o(i.OSTmr_Task) refers to os_core.o(i.OSSchedLock) for OSSchedLock
    os_tmr.o(i.OSTmr_Task) refers to os_tmr.o(i.OSTmr_Unlink) for OSTmr_Unlink
    os_tmr.o(i.OSTmr_Task) refers to os_tmr.o(i.OSTmr_Link) for OSTmr_Link
    os_tmr.o(i.OSTmr_Task) refers to os_core.o(i.OSSchedUnlock) for OSSchedUnlock
    os_tmr.o(i.OSTmr_Task) refers to os_core.o(.data) for OSTmrSemSignal
    os_tmr.o(i.OSTmr_Task) refers to os_core.o(.bss) for OSTmrWheelTbl
    os_tmr.o(i.OSTmr_Unlink) refers to os_core.o(.bss) for OSTmrWheelTbl
    entry.o(.ARM.Collect$$$$00000000) refers (Special) to entry10a.o(.ARM.Collect$$$$0000000D) for __rt_final_cpp
    entry.o(.ARM.Collect$$$$00000000) refers (Special) to entry11a.o(.ARM.Collect$$$$0000000F) for __rt_final_exit
    entry.o(.ARM.Collect$$$$00000000) refers (Special) to entry7b.o(.ARM.Collect$$$$00000008) for _main_clock
    entry.o(.ARM.Collect$$$$00000000) refers (Special) to entry8b.o(.ARM.Collect$$$$0000000A) for _main_cpp_init
    entry.o(.ARM.Collect$$$$00000000) refers (Special) to entry9a.o(.ARM.Collect$$$$0000000B) for _main_init
    entry.o(.ARM.Collect$$$$00000000) refers (Special) to entry5.o(.ARM.Collect$$$$00000004) for _main_scatterload
    entry.o(.ARM.Collect$$$$00000000) refers (Special) to entry2.o(.ARM.Collect$$$$00000001) for _main_stk
    entry2.o(.ARM.Collect$$$$00000001) refers to entry2.o(.ARM.Collect$$$$00002712) for __lit__00000000
    entry2.o(.ARM.Collect$$$$00002712) refers to startup_lpc17xx.o(STACK) for __initial_sp
    entry2.o(__vectab_stack_and_reset_area) refers to startup_lpc17xx.o(STACK) for __initial_sp
    entry2.o(__vectab_stack_and_reset_area) refers to entry.o(.ARM.Collect$$$$00000000) for __main
    entry5.o(.ARM.Collect$$$$00000004) refers to init.o(.text) for __scatterload
    entry9a.o(.ARM.Collect$$$$0000000B) refers to main.o(i.main) for main
    entry9b.o(.ARM.Collect$$$$0000000C) refers to main.o(i.main) for main
    init.o(.text) refers to entry5.o(.ARM.Collect$$$$00000004) for __main_after_scatterload


==============================================================================

Removing Unused input sections from the image.

    Removing core_cm3.o(.emb_text), (32 bytes).
    Removing startup_lpc17xx.o(HEAP), (512 bytes).
    Removing os_cpu_c.o(i.OSTaskSwHook), (8 bytes).
    Removing os_core.o(i.OSEventNameGet), (124 bytes).
    Removing os_core.o(i.OSEventPendMulti), (728 bytes).
    Removing os_core.o(i.OSIntEnter), (36 bytes).
    Removing os_core.o(i.OSVersion), (6 bytes).
    Removing os_core.o(i.OS_EventTaskWaitMulti), (148 bytes).
    Removing os_core.o(i.OS_MemCopy), (20 bytes).
    Removing os_core.o(i.OS_StrLen), (20 bytes).
    Removing os_flag.o(i.OSFlagAccept), (262 bytes).
    Removing os_flag.o(i.OSFlagCreate), (100 bytes).
    Removing os_flag.o(i.OSFlagDel), (236 bytes).
    Removing os_flag.o(i.OSFlagNameGet), (104 bytes).
    Removing os_flag.o(i.OSFlagNameSet), (88 bytes).
    Removing os_flag.o(i.OSFlagPend), (608 bytes).
    Removing os_flag.o(i.OSFlagPendGetFlagsRdy), (32 bytes).
    Removing os_flag.o(i.OSFlagPost), (322 bytes).
    Removing os_flag.o(i.OSFlagQuery), (58 bytes).
    Removing os_flag.o(i.OS_FlagBlock), (164 bytes).
    Removing os_flag.o(i.OS_FlagTaskRdy), (92 bytes).
    Removing os_mbox.o(i.OSMboxAccept), (44 bytes).
    Removing os_mbox.o(i.OSMboxCreate), (84 bytes).
    Removing os_mbox.o(i.OSMboxDel), (232 bytes).
    Removing os_mbox.o(i.OSMboxPend), (276 bytes).
    Removing os_mbox.o(i.OSMboxPendAbort), (138 bytes).
    Removing os_mbox.o(i.OSMboxPost), (92 bytes).
    Removing os_mbox.o(i.OSMboxPostOpt), (132 bytes).
    Removing os_mbox.o(i.OSMboxQuery), (88 bytes).
    Removing os_mem.o(i.OSMemCreate), (168 bytes).
    Removing os_mem.o(i.OSMemGet), (72 bytes).
    Removing os_mem.o(i.OSMemNameGet), (84 bytes).
    Removing os_mem.o(i.OSMemNameSet), (68 bytes).
    Removing os_mem.o(i.OSMemPut), (66 bytes).
    Removing os_mem.o(i.OSMemQuery), (64 bytes).
    Removing os_mutex.o(i.OSMutexAccept), (156 bytes).
    Removing os_mutex.o(i.OSMutexCreate), (168 bytes).
    Removing os_mutex.o(i.OSMutexDel), (300 bytes).
    Removing os_mutex.o(i.OSMutexPend), (580 bytes).
    Removing os_mutex.o(i.OSMutexPost), (204 bytes).
    Removing os_mutex.o(i.OSMutexQuery), (124 bytes).
    Removing os_mutex.o(i.OSMutex_RdyAtPrio), (132 bytes).
    Removing os_q.o(i.OSQAccept), (98 bytes).
    Removing os_q.o(i.OSQCreate), (160 bytes).
    Removing os_q.o(i.OSQDel), (272 bytes).
    Removing os_q.o(i.OSQFlush), (52 bytes).
    Removing os_q.o(i.OSQPend), (300 bytes).
    Removing os_q.o(i.OSQPendAbort), (138 bytes).
    Removing os_q.o(i.OSQPost), (120 bytes).
    Removing os_q.o(i.OSQPostFront), (122 bytes).
    Removing os_q.o(i.OSQPostOpt), (188 bytes).
    Removing os_q.o(i.OSQQuery), (110 bytes).
    Removing os_sem.o(i.OSSemAccept), (48 bytes).
    Removing os_sem.o(i.OSSemDel), (232 bytes).
    Removing os_sem.o(i.OSSemPendAbort), (138 bytes).
    Removing os_sem.o(i.OSSemQuery), (88 bytes).
    Removing os_sem.o(i.OSSemSet), (74 bytes).
    Removing os_task.o(i.OSTaskChangePrio), (440 bytes).
    Removing os_task.o(i.OSTaskCreate), (168 bytes).
    Removing os_task.o(i.OSTaskDelReq), (120 bytes).
    Removing os_task.o(i.OSTaskNameGet), (152 bytes).
    Removing os_task.o(i.OSTaskQuery), (108 bytes).
    Removing os_task.o(i.OSTaskRegGet), (96 bytes).
    Removing os_task.o(i.OSTaskRegSet), (92 bytes).
    Removing os_task.o(i.OSTaskResume), (180 bytes).
    Removing os_time.o(i.OSTimeDlyResume), (180 bytes).
    Removing os_time.o(i.OSTimeGet), (28 bytes).
    Removing os_time.o(i.OSTimeSet), (28 bytes).
    Removing os_tmr.o(i.OSTmrCreate), (148 bytes).
    Removing os_tmr.o(i.OSTmrDel), (140 bytes).
    Removing os_tmr.o(i.OSTmrNameGet), (140 bytes).
    Removing os_tmr.o(i.OSTmrRemainGet), (180 bytes).
    Removing os_tmr.o(i.OSTmrStart), (144 bytes).
    Removing os_tmr.o(i.OSTmrStateGet), (100 bytes).
    Removing os_tmr.o(i.OSTmrStop), (196 bytes).
    Removing os_tmr.o(i.OSTmr_Alloc), (64 bytes).
    Removing os_tmr.o(i.OSTmr_Free), (76 bytes).
    Removing os_apphooks.o(i.App_TaskReturnHook), (2 bytes).
    Removing os_apphooks.o(i.App_TaskSwHook), (2 bytes).

79 unused section(s) (total 11896 bytes) removed from the image.

==============================================================================

Image Symbol Table

    Local Symbols

    Symbol Name                              Value     Ov Type        Size  Object(Section)

    RESET                                    0x00000000   Section      196  startup_lpc17xx.o(RESET)
    ../clib/microlib/init/entry.s            0x00000000   Number         0  entry10b.o ABSOLUTE
    ../clib/microlib/init/entry.s            0x00000000   Number         0  entry8b.o ABSOLUTE
    ../clib/microlib/init/entry.s            0x00000000   Number         0  entry8a.o ABSOLUTE
    ../clib/microlib/init/entry.s            0x00000000   Number         0  entry7b.o ABSOLUTE
    ../clib/microlib/init/entry.s            0x00000000   Number         0  entry7a.o ABSOLUTE
    ../clib/microlib/init/entry.s            0x00000000   Number         0  entry9a.o ABSOLUTE
    ../clib/microlib/init/entry.s            0x00000000   Number         0  entry5.o ABSOLUTE
    ../clib/microlib/init/entry.s            0x00000000   Number         0  entry11b.o ABSOLUTE
    ../clib/microlib/init/entry.s            0x00000000   Number         0  entry11a.o ABSOLUTE
    ../clib/microlib/init/entry.s            0x00000000   Number         0  entry2.o ABSOLUTE
    ../clib/microlib/init/entry.s            0x00000000   Number         0  entry.o ABSOLUTE
    ../clib/microlib/init/entry.s            0x00000000   Number         0  entry10a.o ABSOLUTE
    ../clib/microlib/init/entry.s            0x00000000   Number         0  entry9b.o ABSOLUTE
    ..\Libraries\CMSIS\CM3\CoreSupport\core_cm3.c 0x00000000   Number         0  core_cm3.o ABSOLUTE
    ..\Libraries\CMSIS\CM3\DeviceSupport\NXP\LPC17xx\startup\arm\startup_LPC17xx.s 0x00000000   Number         0  startup_lpc17xx.o ABSOLUTE
    ..\Libraries\CMSIS\CM3\DeviceSupport\NXP\LPC17xx\system_LPC17xx.c 0x00000000   Number         0  system_lpc17xx.o ABSOLUTE
    ..\USER\main.c                           0x00000000   Number         0  main.o ABSOLUTE
    ..\USER\uCOS-II\Ports\ARM-Cortex-M3\RealView\os_cpu_a.asm 0x00000000   Number         0  os_cpu_a.o ABSOLUTE
    ..\USER\uCOS-II\Ports\ARM-Cortex-M3\RealView\os_cpu_c.c 0x00000000   Number         0  os_cpu_c.o ABSOLUTE
    ..\USER\uCOS-II\Ports\ARM-Cortex-M3\RealView\os_dbg.c 0x00000000   Number         0  os_dbg.o ABSOLUTE
    ..\USER\uCOS-II\Source\os_core.c         0x00000000   Number         0  os_core.o ABSOLUTE
    ..\USER\uCOS-II\Source\os_flag.c         0x00000000   Number         0  os_flag.o ABSOLUTE
    ..\USER\uCOS-II\Source\os_mbox.c         0x00000000   Number         0  os_mbox.o ABSOLUTE
    ..\USER\uCOS-II\Source\os_mem.c          0x00000000   Number         0  os_mem.o ABSOLUTE
    ..\USER\uCOS-II\Source\os_mutex.c        0x00000000   Number         0  os_mutex.o ABSOLUTE
    ..\USER\uCOS-II\Source\os_q.c            0x00000000   Number         0  os_q.o ABSOLUTE
    ..\USER\uCOS-II\Source\os_sem.c          0x00000000   Number         0  os_sem.o ABSOLUTE
    ..\USER\uCOS-II\Source\os_task.c         0x00000000   Number         0  os_task.o ABSOLUTE
    ..\USER\uCOS-II\Source\os_time.c         0x00000000   Number         0  os_time.o ABSOLUTE
    ..\USER\uCOS-II\Source\os_tmr.c          0x00000000   Number         0  os_tmr.o ABSOLUTE
    ..\USER\ucCos_App\OS_AppHooks.c          0x00000000   Number         0  os_apphooks.o ABSOLUTE
    ..\\Libraries\\CMSIS\\CM3\\CoreSupport\\core_cm3.c 0x00000000   Number         0  core_cm3.o ABSOLUTE
    dc.s                                     0x00000000   Number         0  dc.o ABSOLUTE
    handlers.s                               0x00000000   Number         0  handlers.o ABSOLUTE
    init.s                                   0x00000000   Number         0  init.o ABSOLUTE
    .ARM.Collect$$$$00000000                 0x000000c4   Section        0  entry.o(.ARM.Collect$$$$00000000)
    .ARM.Collect$$$$00000001                 0x000000c4   Section        4  entry2.o(.ARM.Collect$$$$00000001)
    .ARM.Collect$$$$00000004                 0x000000c8   Section        4  entry5.o(.ARM.Collect$$$$00000004)
    .ARM.Collect$$$$00000008                 0x000000cc   Section        0  entry7b.o(.ARM.Collect$$$$00000008)
    .ARM.Collect$$$$0000000A                 0x000000cc   Section        0  entry8b.o(.ARM.Collect$$$$0000000A)
    .ARM.Collect$$$$0000000B                 0x000000cc   Section        8  entry9a.o(.ARM.Collect$$$$0000000B)
    .ARM.Collect$$$$0000000D                 0x000000d4   Section        0  entry10a.o(.ARM.Collect$$$$0000000D)
    .ARM.Collect$$$$0000000F                 0x000000d4   Section        0  entry11a.o(.ARM.Collect$$$$0000000F)
    .ARM.Collect$$$$00002712                 0x000000d4   Section        4  entry2.o(.ARM.Collect$$$$00002712)
    __lit__00000000                          0x000000d4   Data           4  entry2.o(.ARM.Collect$$$$00002712)
    .text                                    0x000000d8   Section       36  startup_lpc17xx.o(.text)
    .text                                    0x000000fc   Section       36  init.o(.text)
    OSKernelschedular                        0x00000120   Section      160  os_cpu_a.o(OSKernelschedular)
    i.App_TCBInitHook                        0x000001c0   Section        0  os_apphooks.o(i.App_TCBInitHook)
    i.App_TaskCreate                         0x000001c2   Section        0  main.o(i.App_TaskCreate)
    App_TaskCreate                           0x000001c3   Thumb Code     2  main.o(i.App_TaskCreate)
    i.App_TaskCreateHook                     0x000001c4   Section        0  os_apphooks.o(i.App_TaskCreateHook)
    i.App_TaskDelHook                        0x000001c6   Section        0  os_apphooks.o(i.App_TaskDelHook)
    i.App_TaskIdleHook                       0x000001c8   Section        0  os_apphooks.o(i.App_TaskIdleHook)
    i.App_TaskStart                          0x000001cc   Section        0  main.o(i.App_TaskStart)
    App_TaskStart                            0x000001cd   Thumb Code    42  main.o(i.App_TaskStart)
    i.App_TaskStatHook                       0x000001fc   Section        0  os_apphooks.o(i.App_TaskStatHook)
    i.App_TimeTickHook                       0x000001fe   Section        0  os_apphooks.o(i.App_TimeTickHook)
    i.OSEventNameSet                         0x00000200   Section        0  os_core.o(i.OSEventNameSet)
    i.OSInit                                 0x00000268   Section        0  os_core.o(i.OSInit)
    i.OSInitHookBegin                        0x000002a0   Section        0  os_cpu_c.o(i.OSInitHookBegin)
    i.OSInitHookEnd                          0x000002ac   Section        0  os_cpu_c.o(i.OSInitHookEnd)
    i.OSSchedLock                            0x000002b0   Section        0  os_core.o(i.OSSchedLock)
    i.OSTCBInitHook                          0x000002f0   Section        0  os_cpu_c.o(i.OSTCBInitHook)
    .ARM.__at_0x02FC                         0x000002fc   Section        4  startup_lpc17xx.o(.ARM.__at_0x02FC)
    i.OSDebugInit                            0x00000300   Section        0  os_dbg.o(i.OSDebugInit)
    i.OSIntExit                              0x0000045c   Section        0  os_core.o(i.OSIntExit)
    i.OSSchedUnlock                          0x000004ec   Section        0  os_core.o(i.OSSchedUnlock)
    i.OSSemCreate                            0x0000054c   Section        0  os_sem.o(i.OSSemCreate)
    i.OSSemPend                              0x000005a0   Section        0  os_sem.o(i.OSSemPend)
    i.OSSemPost                              0x00000698   Section        0  os_sem.o(i.OSSemPost)
    i.OSStart                                0x000006f8   Section        0  os_core.o(i.OSStart)
    i.OSStatInit                             0x00000740   Section        0  os_core.o(i.OSStatInit)
    i.OSTaskCreateExt                        0x0000078c   Section        0  os_task.o(i.OSTaskCreateExt)
    i.OSTaskCreateHook                       0x0000084c   Section        0  os_cpu_c.o(i.OSTaskCreateHook)
    i.OSTaskDel                              0x00000858   Section        0  os_task.o(i.OSTaskDel)
    i.OSTaskDelHook                          0x000009c4   Section        0  os_cpu_c.o(i.OSTaskDelHook)
    i.OSTaskIdleHook                         0x000009d0   Section        0  os_cpu_c.o(i.OSTaskIdleHook)
    i.OSTaskNameSet                          0x000009d8   Section        0  os_task.o(i.OSTaskNameSet)
    i.OSTaskReturnHook                       0x00000a5c   Section        0  os_apphooks.o(i.OSTaskReturnHook)
    i.OSTaskStatHook                         0x00000a5e   Section        0  os_cpu_c.o(i.OSTaskStatHook)
    i.OSTaskStkChk                           0x00000a68   Section        0  os_task.o(i.OSTaskStkChk)
    i.OSTaskStkInit                          0x00000b08   Section        0  os_cpu_c.o(i.OSTaskStkInit)
    i.OSTaskSuspend                          0x00000ba4   Section        0  os_task.o(i.OSTaskSuspend)
    i.OSTimeDly                              0x00000c60   Section        0  os_time.o(i.OSTimeDly)
    i.OSTimeDlyHMSM                          0x00000cd8   Section        0  os_time.o(i.OSTimeDlyHMSM)
    i.OSTimeTick                             0x00000d5c   Section        0  os_core.o(i.OSTimeTick)
    i.OSTimeTickHook                         0x00000e48   Section        0  os_cpu_c.o(i.OSTimeTickHook)
    i.OSTmrSignal                            0x00000e70   Section        0  os_tmr.o(i.OSTmrSignal)
    i.OSTmr_Init                             0x00000e84   Section        0  os_tmr.o(i.OSTmr_Init)
    i.OSTmr_InitTask                         0x00000f78   Section        0  os_tmr.o(i.OSTmr_InitTask)
    OSTmr_InitTask                           0x00000f79   Thumb Code    52  os_tmr.o(i.OSTmr_InitTask)
    i.OSTmr_Link                             0x00000fc4   Section        0  os_tmr.o(i.OSTmr_Link)
    OSTmr_Link                               0x00000fc5   Thumb Code   100  os_tmr.o(i.OSTmr_Link)
    i.OSTmr_Task                             0x00001030   Section        0  os_tmr.o(i.OSTmr_Task)
    OSTmr_Task                               0x00001031   Thumb Code   114  os_tmr.o(i.OSTmr_Task)
    i.OSTmr_Unlink                           0x000010b0   Section        0  os_tmr.o(i.OSTmr_Unlink)
    OSTmr_Unlink                             0x000010b1   Thumb Code    62  os_tmr.o(i.OSTmr_Unlink)
    i.OS_CPU_SysTickInit                     0x000010f4   Section        0  os_cpu_c.o(i.OS_CPU_SysTickInit)
    i.OS_Dummy                               0x00001124   Section        0  os_core.o(i.OS_Dummy)
    i.OS_EventTaskRdy                        0x00001128   Section        0  os_core.o(i.OS_EventTaskRdy)
    i.OS_EventTaskRemove                     0x000011b8   Section        0  os_core.o(i.OS_EventTaskRemove)
    i.OS_EventTaskRemoveMulti                0x000011e2   Section        0  os_core.o(i.OS_EventTaskRemoveMulti)
    i.OS_EventTaskWait                       0x0000121c   Section        0  os_core.o(i.OS_EventTaskWait)
    i.OS_EventWaitListInit                   0x00001298   Section        0  os_core.o(i.OS_EventWaitListInit)
    i.OS_FlagInit                            0x000012b4   Section        0  os_flag.o(i.OS_FlagInit)
    i.OS_FlagUnlink                          0x0000130c   Section        0  os_flag.o(i.OS_FlagUnlink)
    i.OS_InitEventList                       0x00001330   Section        0  os_core.o(i.OS_InitEventList)
    OS_InitEventList                         0x00001331   Thumb Code    84  os_core.o(i.OS_InitEventList)
    i.OS_InitMisc                            0x00001390   Section        0  os_core.o(i.OS_InitMisc)
    OS_InitMisc                              0x00001391   Thumb Code    44  os_core.o(i.OS_InitMisc)
    i.OS_InitRdyList                         0x000013e4   Section        0  os_core.o(i.OS_InitRdyList)
    OS_InitRdyList                           0x000013e5   Thumb Code    44  os_core.o(i.OS_InitRdyList)
    i.OS_InitTCBList                         0x00001428   Section        0  os_core.o(i.OS_InitTCBList)
    OS_InitTCBList                           0x00001429   Thumb Code   106  os_core.o(i.OS_InitTCBList)
    i.OS_InitTaskIdle                        0x000014a8   Section        0  os_core.o(i.OS_InitTaskIdle)
    OS_InitTaskIdle                          0x000014a9   Thumb Code    52  os_core.o(i.OS_InitTaskIdle)
    i.OS_InitTaskStat                        0x000014f4   Section        0  os_core.o(i.OS_InitTaskStat)
    OS_InitTaskStat                          0x000014f5   Thumb Code    52  os_core.o(i.OS_InitTaskStat)
    i.OS_MemClr                              0x00001540   Section        0  os_core.o(i.OS_MemClr)
    i.OS_MemInit                             0x00001554   Section        0  os_mem.o(i.OS_MemInit)
    i.OS_QInit                               0x000015ac   Section        0  os_q.o(i.OS_QInit)
    i.OS_Sched                               0x000015fc   Section        0  os_core.o(i.OS_Sched)
    i.OS_SchedNew                            0x00001670   Section        0  os_core.o(i.OS_SchedNew)
    OS_SchedNew                              0x00001671   Thumb Code    26  os_core.o(i.OS_SchedNew)
    i.OS_TCBInit                             0x0000169c   Section        0  os_core.o(i.OS_TCBInit)
    i.OS_TaskIdle                            0x000017d0   Section        0  os_core.o(i.OS_TaskIdle)
    i.OS_TaskReturn                          0x000017f8   Section        0  os_task.o(i.OS_TaskReturn)
    i.OS_TaskStat                            0x00001810   Section        0  os_core.o(i.OS_TaskStat)
    i.OS_TaskStatStkChk                      0x00001898   Section        0  os_core.o(i.OS_TaskStatStkChk)
    i.OS_TaskStkClr                          0x000018d4   Section        0  os_task.o(i.OS_TaskStkClr)
    i.SysTick_Handler                        0x000018f0   Section        0  os_cpu_c.o(i.SysTick_Handler)
    i.SystemInit                             0x00001918   Section        0  system_lpc17xx.o(i.SystemInit)
    i.__scatterload_copy                     0x00001b24   Section       14  handlers.o(i.__scatterload_copy)
    i.__scatterload_null                     0x00001b32   Section        2  handlers.o(i.__scatterload_null)
    i.__scatterload_zeroinit                 0x00001b34   Section       14  handlers.o(i.__scatterload_zeroinit)
    i.main                                   0x00001b44   Section        0  main.o(i.main)
    .constdata                               0x00001ba0   Section      116  os_dbg.o(.constdata)
    .constdata                               0x00001c14   Section      256  os_core.o(.constdata)
    .data                                    0x10000000   Section        4  system_lpc17xx.o(.data)
    .data                                    0x10000004   Section        2  os_cpu_c.o(.data)
    OSTmrCtr                                 0x10000004   Data           2  os_cpu_c.o(.data)
    .data                                    0x10000008   Section       96  os_core.o(.data)
    .bss                                     0x10000068   Section      256  main.o(.bss)
    App_TaskStartStk                         0x10000068   Data         256  main.o(.bss)
    .bss                                     0x10000168   Section     4312  os_core.o(.bss)
    STACK                                    0x10001240   Section     2048  startup_lpc17xx.o(STACK)

    Global Symbols

    Symbol Name                              Value     Ov Type        Size  Object(Section)

    BuildAttributes$$THM_ISAv4$P$D$K$B$S$PE$A:L22UL41UL21$X:L11$S22US41US21$IEEE1$IW$USESV6$~STKCKD$USESV7$~SHL$OSPACE$EBA8$MICROLIB$REQ8$PRES8$EABIv2 0x00000000   Number         0  anon$$obj.o ABSOLUTE
    __ARM_use_no_argv                        0x00000000   Number         0  main.o ABSOLUTE
    __Vectors                                0x00000000   Data           4  startup_lpc17xx.o(RESET)
    __cpp_initialize__aeabi_                  - Undefined Weak Reference
    __cxa_finalize                            - Undefined Weak Reference
    __decompress                              - Undefined Weak Reference
    _clock_init                               - Undefined Weak Reference
    _microlib_exit                            - Undefined Weak Reference
    __main                                   0x000000c5   Thumb Code     0  entry.o(.ARM.Collect$$$$00000000)
    _main_stk                                0x000000c5   Thumb Code     0  entry2.o(.ARM.Collect$$$$00000001)
    _main_scatterload                        0x000000c9   Thumb Code     0  entry5.o(.ARM.Collect$$$$00000004)
    __main_after_scatterload                 0x000000cd   Thumb Code     0  entry5.o(.ARM.Collect$$$$00000004)
    _main_clock                              0x000000cd   Thumb Code     0  entry7b.o(.ARM.Collect$$$$00000008)
    _main_cpp_init                           0x000000cd   Thumb Code     0  entry8b.o(.ARM.Collect$$$$0000000A)
    _main_init                               0x000000cd   Thumb Code     0  entry9a.o(.ARM.Collect$$$$0000000B)
    __rt_final_cpp                           0x000000d5   Thumb Code     0  entry10a.o(.ARM.Collect$$$$0000000D)
    __rt_final_exit                          0x000000d5   Thumb Code     0  entry11a.o(.ARM.Collect$$$$0000000F)
    Reset_Handler                            0x000000d9   Thumb Code     8  startup_lpc17xx.o(.text)
    NMI_Handler                              0x000000e1   Thumb Code     2  startup_lpc17xx.o(.text)
    HardFault_Handler                        0x000000e3   Thumb Code     2  startup_lpc17xx.o(.text)
    MemManage_Handler                        0x000000e5   Thumb Code     2  startup_lpc17xx.o(.text)
    BusFault_Handler                         0x000000e7   Thumb Code     2  startup_lpc17xx.o(.text)
    UsageFault_Handler                       0x000000e9   Thumb Code     2  startup_lpc17xx.o(.text)
    SVC_Handler                              0x000000eb   Thumb Code     2  startup_lpc17xx.o(.text)
    DebugMon_Handler                         0x000000ed   Thumb Code     2  startup_lpc17xx.o(.text)
    ADC_IRQHandler                           0x000000f3   Thumb Code     0  startup_lpc17xx.o(.text)
    BOD_IRQHandler                           0x000000f3   Thumb Code     0  startup_lpc17xx.o(.text)
    CAN_IRQHandler                           0x000000f3   Thumb Code     0  startup_lpc17xx.o(.text)
    DMA_IRQHandler                           0x000000f3   Thumb Code     0  startup_lpc17xx.o(.text)
    EINT0_IRQHandler                         0x000000f3   Thumb Code     0  startup_lpc17xx.o(.text)
    EINT1_IRQHandler                         0x000000f3   Thumb Code     0  startup_lpc17xx.o(.text)
    EINT2_IRQHandler                         0x000000f3   Thumb Code     0  startup_lpc17xx.o(.text)
    EINT3_IRQHandler                         0x000000f3   Thumb Code     0  startup_lpc17xx.o(.text)
    ENET_IRQHandler                          0x000000f3   Thumb Code     0  startup_lpc17xx.o(.text)
    I2C0_IRQHandler                          0x000000f3   Thumb Code     0  startup_lpc17xx.o(.text)
    I2C1_IRQHandler                          0x000000f3   Thumb Code     0  startup_lpc17xx.o(.text)
    I2C2_IRQHandler                          0x000000f3   Thumb Code     0  startup_lpc17xx.o(.text)
    I2S_IRQHandler                           0x000000f3   Thumb Code     0  startup_lpc17xx.o(.text)
    MCPWM_IRQHandler                         0x000000f3   Thumb Code     0  startup_lpc17xx.o(.text)
    PLL0_IRQHandler                          0x000000f3   Thumb Code     0  startup_lpc17xx.o(.text)
    PLL1_IRQHandler                          0x000000f3   Thumb Code     0  startup_lpc17xx.o(.text)
    PWM1_IRQHandler                          0x000000f3   Thumb Code     0  startup_lpc17xx.o(.text)
    QEI_IRQHandler                           0x000000f3   Thumb Code     0  startup_lpc17xx.o(.text)
    RIT_IRQHandler                           0x000000f3   Thumb Code     0  startup_lpc17xx.o(.text)
    RTC_IRQHandler                           0x000000f3   Thumb Code     0  startup_lpc17xx.o(.text)
    SPI_IRQHandler                           0x000000f3   Thumb Code     0  startup_lpc17xx.o(.text)
    SSP0_IRQHandler                          0x000000f3   Thumb Code     0  startup_lpc17xx.o(.text)
    SSP1_IRQHandler                          0x000000f3   Thumb Code     0  startup_lpc17xx.o(.text)
    TIMER0_IRQHandler                        0x000000f3   Thumb Code     0  startup_lpc17xx.o(.text)
    TIMER1_IRQHandler                        0x000000f3   Thumb Code     0  startup_lpc17xx.o(.text)
    TIMER2_IRQHandler                        0x000000f3   Thumb Code     0  startup_lpc17xx.o(.text)
    TIMER3_IRQHandler                        0x000000f3   Thumb Code     0  startup_lpc17xx.o(.text)
    UART0_IRQHandler                         0x000000f3   Thumb Code     0  startup_lpc17xx.o(.text)
    UART1_IRQHandler                         0x000000f3   Thumb Code     0  startup_lpc17xx.o(.text)
    UART2_IRQHandler                         0x000000f3   Thumb Code     0  startup_lpc17xx.o(.text)
    UART3_IRQHandler                         0x000000f3   Thumb Code     0  startup_lpc17xx.o(.text)
    USB_IRQHandler                           0x000000f3   Thumb Code     0  startup_lpc17xx.o(.text)
    WDT_IRQHandler                           0x000000f3   Thumb Code     0  startup_lpc17xx.o(.text)
    __scatterload                            0x000000fd   Thumb Code    28  init.o(.text)
    __scatterload_rt2                        0x000000fd   Thumb Code     0  init.o(.text)
    OS_CPU_SR_Save                           0x00000121   Thumb Code     0  os_cpu_a.o(OSKernelschedular)
    OS_CPU_SR_Restore                        0x00000129   Thumb Code     0  os_cpu_a.o(OSKernelschedular)
    OSStartHighRdy                           0x0000012f   Thumb Code     0  os_cpu_a.o(OSKernelschedular)
    OSCtxSw                                  0x0000014f   Thumb Code     0  os_cpu_a.o(OSKernelschedular)
    OSIntCtxSw                               0x00000159   Thumb Code     0  os_cpu_a.o(OSKernelschedular)
    PendSV_Handler                           0x00000163   Thumb Code     0  os_cpu_a.o(OSKernelschedular)
    IntDisAll                                0x0000019b   Thumb Code     0  os_cpu_a.o(OSKernelschedular)
    App_TCBInitHook                          0x000001c1   Thumb Code     2  os_apphooks.o(i.App_TCBInitHook)
    App_TaskCreateHook                       0x000001c5   Thumb Code     2  os_apphooks.o(i.App_TaskCreateHook)
    App_TaskDelHook                          0x000001c7   Thumb Code     2  os_apphooks.o(i.App_TaskDelHook)
    App_TaskIdleHook                         0x000001c9   Thumb Code     2  os_apphooks.o(i.App_TaskIdleHook)
    App_TaskStatHook                         0x000001fd   Thumb Code     2  os_apphooks.o(i.App_TaskStatHook)
    App_TimeTickHook                         0x000001ff   Thumb Code     2  os_apphooks.o(i.App_TimeTickHook)
    OSEventNameSet                           0x00000201   Thumb Code   100  os_core.o(i.OSEventNameSet)
    OSInit                                   0x00000269   Thumb Code    56  os_core.o(i.OSInit)
    OSInitHookBegin                          0x000002a1   Thumb Code     8  os_cpu_c.o(i.OSInitHookBegin)
    OSInitHookEnd                            0x000002ad   Thumb Code     2  os_cpu_c.o(i.OSInitHookEnd)
    OSSchedLock                              0x000002b1   Thumb Code    50  os_core.o(i.OSSchedLock)
    OSTCBInitHook                            0x000002f1   Thumb Code    12  os_cpu_c.o(i.OSTCBInitHook)
    OSDebugInit                              0x00000301   Thumb Code   118  os_dbg.o(i.OSDebugInit)
    OSIntExit                                0x0000045d   Thumb Code   112  os_core.o(i.OSIntExit)
    OSSchedUnlock                            0x000004ed   Thumb Code    82  os_core.o(i.OSSchedUnlock)
    OSSemCreate                              0x0000054d   Thumb Code    72  os_sem.o(i.OSSemCreate)
    OSSemPend                                0x000005a1   Thumb Code   236  os_sem.o(i.OSSemPend)
    OSSemPost                                0x00000699   Thumb Code    94  os_sem.o(i.OSSemPost)
    OSStart                                  0x000006f9   Thumb Code    48  os_core.o(i.OSStart)
    OSStatInit                               0x00000741   Thumb Code    62  os_core.o(i.OSStatInit)
    OSTaskCreateExt                          0x0000078d   Thumb Code   178  os_task.o(i.OSTaskCreateExt)
    OSTaskCreateHook                         0x0000084d   Thumb Code    12  os_cpu_c.o(i.OSTaskCreateHook)
    OSTaskDel                                0x00000859   Thumb Code   318  os_task.o(i.OSTaskDel)
    OSTaskDelHook                            0x000009c5   Thumb Code    12  os_cpu_c.o(i.OSTaskDelHook)
    OSTaskIdleHook                           0x000009d1   Thumb Code     8  os_cpu_c.o(i.OSTaskIdleHook)
    OSTaskNameSet                            0x000009d9   Thumb Code   120  os_task.o(i.OSTaskNameSet)
    OSTaskReturnHook                         0x00000a5d   Thumb Code     2  os_apphooks.o(i.OSTaskReturnHook)
    OSTaskStatHook                           0x00000a5f   Thumb Code     8  os_cpu_c.o(i.OSTaskStatHook)
    OSTaskStkChk                             0x00000a69   Thumb Code   150  os_task.o(i.OSTaskStkChk)
    OSTaskStkInit                            0x00000b09   Thumb Code   152  os_cpu_c.o(i.OSTaskStkInit)
    OSTaskSuspend                            0x00000ba5   Thumb Code   172  os_task.o(i.OSTaskSuspend)
    OSTimeDly                                0x00000c61   Thumb Code   100  os_time.o(i.OSTimeDly)
    OSTimeDlyHMSM                            0x00000cd9   Thumb Code   124  os_time.o(i.OSTimeDlyHMSM)
    OSTimeTick                               0x00000d5d   Thumb Code   210  os_core.o(i.OSTimeTick)
    OSTimeTickHook                           0x00000e49   Thumb Code    34  os_cpu_c.o(i.OSTimeTickHook)
    OSTmrSignal                              0x00000e71   Thumb Code    16  os_tmr.o(i.OSTmrSignal)
    OSTmr_Init                               0x00000e85   Thumb Code   168  os_tmr.o(i.OSTmr_Init)
    OS_CPU_SysTickInit                       0x000010f5   Thumb Code    42  os_cpu_c.o(i.OS_CPU_SysTickInit)
    OS_Dummy                                 0x00001125   Thumb Code     2  os_core.o(i.OS_Dummy)
    OS_EventTaskRdy                          0x00001129   Thumb Code   128  os_core.o(i.OS_EventTaskRdy)
    OS_EventTaskRemove                       0x000011b9   Thumb Code    42  os_core.o(i.OS_EventTaskRemove)
    OS_EventTaskRemoveMulti                  0x000011e3   Thumb Code    58  os_core.o(i.OS_EventTaskRemoveMulti)
    OS_EventTaskWait                         0x0000121d   Thumb Code   112  os_core.o(i.OS_EventTaskWait)
    OS_EventWaitListInit                     0x00001299   Thumb Code    28  os_core.o(i.OS_EventWaitListInit)
    OS_FlagInit                              0x000012b5   Thumb Code    74  os_flag.o(i.OS_FlagInit)
    OS_FlagUnlink                            0x0000130d   Thumb Code    36  os_flag.o(i.OS_FlagUnlink)
    OS_MemClr                                0x00001541   Thumb Code    18  os_core.o(i.OS_MemClr)
    OS_MemInit                               0x00001555   Thumb Code    74  os_mem.o(i.OS_MemInit)
    OS_QInit                                 0x000015ad   Thumb Code    72  os_q.o(i.OS_QInit)
    OS_Sched                                 0x000015fd   Thumb Code    88  os_core.o(i.OS_Sched)
    OS_TCBInit                               0x0000169d   Thumb Code   280  os_core.o(i.OS_TCBInit)
    OS_TaskIdle                              0x000017d1   Thumb Code    34  os_core.o(i.OS_TaskIdle)
    OS_TaskReturn                            0x000017f9   Thumb Code    18  os_task.o(i.OS_TaskReturn)
    OS_TaskStat                              0x00001811   Thumb Code   116  os_core.o(i.OS_TaskStat)
    OS_TaskStatStkChk                        0x00001899   Thumb Code    54  os_core.o(i.OS_TaskStatStkChk)
    OS_TaskStkClr                            0x000018d5   Thumb Code    26  os_task.o(i.OS_TaskStkClr)
    SysTick_Handler                          0x000018f1   Thumb Code    34  os_cpu_c.o(i.SysTick_Handler)
    SystemInit                               0x00001919   Thumb Code   496  system_lpc17xx.o(i.SystemInit)
    __scatterload_copy                       0x00001b25   Thumb Code    14  handlers.o(i.__scatterload_copy)
    __scatterload_null                       0x00001b33   Thumb Code     2  handlers.o(i.__scatterload_null)
    __scatterload_zeroinit                   0x00001b35   Thumb Code    14  handlers.o(i.__scatterload_zeroinit)
    main                                     0x00001b45   Thumb Code    72  main.o(i.main)
    OSDebugEn                                0x00001ba0   Data           2  os_dbg.o(.constdata)
    OSEndiannessTest                         0x00001ba4   Data           4  os_dbg.o(.constdata)
    OSEventEn                                0x00001ba8   Data           2  os_dbg.o(.constdata)
    OSEventMax                               0x00001baa   Data           2  os_dbg.o(.constdata)
    OSEventNameEn                            0x00001bac   Data           2  os_dbg.o(.constdata)
    OSEventSize                              0x00001bae   Data           2  os_dbg.o(.constdata)
    OSEventTblSize                           0x00001bb0   Data           2  os_dbg.o(.constdata)
    OSEventMultiEn                           0x00001bb2   Data           2  os_dbg.o(.constdata)
    OSFlagEn                                 0x00001bb4   Data           2  os_dbg.o(.constdata)
    OSFlagGrpSize                            0x00001bb6   Data           2  os_dbg.o(.constdata)
    OSFlagNodeSize                           0x00001bb8   Data           2  os_dbg.o(.constdata)
    OSFlagWidth                              0x00001bba   Data           2  os_dbg.o(.constdata)
    OSFlagMax                                0x00001bbc   Data           2  os_dbg.o(.constdata)
    OSFlagNameEn                             0x00001bbe   Data           2  os_dbg.o(.constdata)
    OSLowestPrio                             0x00001bc0   Data           2  os_dbg.o(.constdata)
    OSMboxEn                                 0x00001bc2   Data           2  os_dbg.o(.constdata)
    OSMemEn                                  0x00001bc4   Data           2  os_dbg.o(.constdata)
    OSMemMax                                 0x00001bc6   Data           2  os_dbg.o(.constdata)
    OSMemNameEn                              0x00001bc8   Data           2  os_dbg.o(.constdata)
    OSMemSize                                0x00001bca   Data           2  os_dbg.o(.constdata)
    OSMemTblSize                             0x00001bcc   Data           2  os_dbg.o(.constdata)
    OSMutexEn                                0x00001bce   Data           2  os_dbg.o(.constdata)
    OSPtrSize                                0x00001bd0   Data           2  os_dbg.o(.constdata)
    OSQEn                                    0x00001bd2   Data           2  os_dbg.o(.constdata)
    OSQMax                                   0x00001bd4   Data           2  os_dbg.o(.constdata)
    OSQSize                                  0x00001bd6   Data           2  os_dbg.o(.constdata)
    OSRdyTblSize                             0x00001bd8   Data           2  os_dbg.o(.constdata)
    OSSemEn                                  0x00001bda   Data           2  os_dbg.o(.constdata)
    OSStkWidth                               0x00001bdc   Data           2  os_dbg.o(.constdata)
    OSTaskCreateEn                           0x00001bde   Data           2  os_dbg.o(.constdata)
    OSTaskCreateExtEn                        0x00001be0   Data           2  os_dbg.o(.constdata)
    OSTaskDelEn                              0x00001be2   Data           2  os_dbg.o(.constdata)
    OSTaskIdleStkSize                        0x00001be4   Data           2  os_dbg.o(.constdata)
    OSTaskProfileEn                          0x00001be6   Data           2  os_dbg.o(.constdata)
    OSTaskMax                                0x00001be8   Data           2  os_dbg.o(.constdata)
    OSTaskNameEn                             0x00001bea   Data           2  os_dbg.o(.constdata)
    OSTaskStatEn                             0x00001bec   Data           2  os_dbg.o(.constdata)
    OSTaskStatStkSize                        0x00001bee   Data           2  os_dbg.o(.constdata)
    OSTaskStatStkChkEn                       0x00001bf0   Data           2  os_dbg.o(.constdata)
    OSTaskSwHookEn                           0x00001bf2   Data           2  os_dbg.o(.constdata)
    OSTaskRegTblSize                         0x00001bf4   Data           2  os_dbg.o(.constdata)
    OSTCBPrioTblMax                          0x00001bf6   Data           2  os_dbg.o(.constdata)
    OSTCBSize                                0x00001bf8   Data           2  os_dbg.o(.constdata)
    OSTicksPerSec                            0x00001bfa   Data           2  os_dbg.o(.constdata)
    OSTimeTickHookEn                         0x00001bfc   Data           2  os_dbg.o(.constdata)
    OSVersionNbr                             0x00001bfe   Data           2  os_dbg.o(.constdata)
    OSTmrEn                                  0x00001c00   Data           2  os_dbg.o(.constdata)
    OSTmrCfgMax                              0x00001c02   Data           2  os_dbg.o(.constdata)
    OSTmrCfgNameEn                           0x00001c04   Data           2  os_dbg.o(.constdata)
    OSTmrCfgWheelSize                        0x00001c06   Data           2  os_dbg.o(.constdata)
    OSTmrCfgTicksPerSec                      0x00001c08   Data           2  os_dbg.o(.constdata)
    OSTmrSize                                0x00001c0a   Data           2  os_dbg.o(.constdata)
    OSTmrTblSize                             0x00001c0c   Data           2  os_dbg.o(.constdata)
    OSTmrWheelSize                           0x00001c0e   Data           2  os_dbg.o(.constdata)
    OSTmrWheelTblSize                        0x00001c10   Data           2  os_dbg.o(.constdata)
    OSDataSize                               0x00001c12   Data           2  os_dbg.o(.constdata)
    OSUnMapTbl                               0x00001c14   Data         256  os_core.o(.constdata)
    Region$$Table$$Base                      0x00001d14   Number         0  anon$$obj.o(Region$$Table)
    Region$$Table$$Limit                     0x00001d34   Number         0  anon$$obj.o(Region$$Table)
    SystemFrequency                          0x10000000   Data           4  system_lpc17xx.o(.data)
    OSCtxSwCtr                               0x10000008   Data           4  os_core.o(.data)
    OSEventFreeList                          0x1000000c   Data           4  os_core.o(.data)
    OSFlagFreeList                           0x10000010   Data           4  os_core.o(.data)
    OSCPUUsage                               0x10000014   Data           1  os_core.o(.data)
    OSIdleCtrMax                             0x10000018   Data           4  os_core.o(.data)
    OSIdleCtrRun                             0x1000001c   Data           4  os_core.o(.data)
    OSStatRdy                                0x10000020   Data           1  os_core.o(.data)
    OSIntNesting                             0x10000021   Data           1  os_core.o(.data)
    OSLockNesting                            0x10000022   Data           1  os_core.o(.data)
    OSPrioCur                                0x10000023   Data           1  os_core.o(.data)
    OSPrioHighRdy                            0x10000024   Data           1  os_core.o(.data)
    OSRdyGrp                                 0x10000025   Data           1  os_core.o(.data)
    OSRdyTbl                                 0x10000026   Data           8  os_core.o(.data)
    OSRunning                                0x1000002e   Data           1  os_core.o(.data)
    OSTaskCtr                                0x1000002f   Data           1  os_core.o(.data)
    OSIdleCtr                                0x10000030   Data           4  os_core.o(.data)
    OSTCBCur                                 0x10000034   Data           4  os_core.o(.data)
    OSTCBFreeList                            0x10000038   Data           4  os_core.o(.data)
    OSTCBHighRdy                             0x1000003c   Data           4  os_core.o(.data)
    OSTCBList                                0x10000040   Data           4  os_core.o(.data)
    OSTickStepState                          0x10000044   Data           1  os_core.o(.data)
    OSMemFreeList                            0x10000048   Data           4  os_core.o(.data)
    OSQFreeList                              0x1000004c   Data           4  os_core.o(.data)
    OSTime                                   0x10000050   Data           4  os_core.o(.data)
    OSTmrFree                                0x10000054   Data           2  os_core.o(.data)
    OSTmrUsed                                0x10000056   Data           2  os_core.o(.data)
    OSTmrTime                                0x10000058   Data           4  os_core.o(.data)
    OSTmrSem                                 0x1000005c   Data           4  os_core.o(.data)
    OSTmrSemSignal                           0x10000060   Data           4  os_core.o(.data)
    OSTmrFreeList                            0x10000064   Data           4  os_core.o(.data)
    OSEventTbl                               0x10000168   Data         480  os_core.o(.bss)
    OSFlagTbl                                0x10000348   Data          80  os_core.o(.bss)
    OSTaskStatStk                            0x10000398   Data         256  os_core.o(.bss)
    OSTaskIdleStk                            0x10000498   Data         128  os_core.o(.bss)
    OSTCBPrioTbl                             0x10000518   Data         256  os_core.o(.bss)
    OSTCBTbl                                 0x10000618   Data        1936  os_core.o(.bss)
    OSMemTbl                                 0x10000da8   Data         120  os_core.o(.bss)
    OSQTbl                                   0x10000e20   Data          96  os_core.o(.bss)
    OSTmrTbl                                 0x10000e80   Data         640  os_core.o(.bss)
    OSTmrTaskStk                             0x10001100   Data         256  os_core.o(.bss)
    OSTmrWheelTbl                            0x10001200   Data          64  os_core.o(.bss)
    __initial_sp                             0x10001a40   Data           0  startup_lpc17xx.o(STACK)



==============================================================================

Memory Map of the image

  Image Entry point : 0x000000c5

  Load Region LR_IROM1 (Base: 0x00000000, Size: 0x00001d9c, Max: 0x00080000, ABSOLUTE)

    Execution Region ER_IROM1 (Exec base: 0x00000000, Load base: 0x00000000, Size: 0x00001d34, Max: 0x00080000, ABSOLUTE)

    Exec Addr    Load Addr    Size         Type   Attr      Idx    E Section Name        Object

    0x00000000   0x00000000   0x000000c4   Data   RO          115    RESET               startup_lpc17xx.o
    0x000000c4   0x000000c4   0x00000000   Code   RO         1084  * .ARM.Collect$$$$00000000  mc_w.l(entry.o)
    0x000000c4   0x000000c4   0x00000004   Code   RO         1087    .ARM.Collect$$$$00000001  mc_w.l(entry2.o)
    0x000000c8   0x000000c8   0x00000004   Code   RO         1090    .ARM.Collect$$$$00000004  mc_w.l(entry5.o)
    0x000000cc   0x000000cc   0x00000000   Code   RO         1092    .ARM.Collect$$$$00000008  mc_w.l(entry7b.o)
    0x000000cc   0x000000cc   0x00000000   Code   RO         1094    .ARM.Collect$$$$0000000A  mc_w.l(entry8b.o)
    0x000000cc   0x000000cc   0x00000008   Code   RO         1095    .ARM.Collect$$$$0000000B  mc_w.l(entry9a.o)
    0x000000d4   0x000000d4   0x00000000   Code   RO         1097    .ARM.Collect$$$$0000000D  mc_w.l(entry10a.o)
    0x000000d4   0x000000d4   0x00000000   Code   RO         1099    .ARM.Collect$$$$0000000F  mc_w.l(entry11a.o)
    0x000000d4   0x000000d4   0x00000004   Code   RO         1088    .ARM.Collect$$$$00002712  mc_w.l(entry2.o)
    0x000000d8   0x000000d8   0x00000024   Code   RO          117    .text               startup_lpc17xx.o
    0x000000fc   0x000000fc   0x00000024   Code   RO         1101    .text               mc_w.l(init.o)
    0x00000120   0x00000120   0x000000a0   Code   RO          123    OSKernelschedular   os_cpu_a.o
    0x000001c0   0x000001c0   0x00000002   Code   RO         1024    i.App_TCBInitHook   os_apphooks.o
    0x000001c2   0x000001c2   0x00000002   Code   RO            1    i.App_TaskCreate    main.o
    0x000001c4   0x000001c4   0x00000002   Code   RO         1025    i.App_TaskCreateHook  os_apphooks.o
    0x000001c6   0x000001c6   0x00000002   Code   RO         1026    i.App_TaskDelHook   os_apphooks.o
    0x000001c8   0x000001c8   0x00000002   Code   RO         1027    i.App_TaskIdleHook  os_apphooks.o
    0x000001ca   0x000001ca   0x00000002   PAD
    0x000001cc   0x000001cc   0x00000030   Code   RO            2    i.App_TaskStart     main.o
    0x000001fc   0x000001fc   0x00000002   Code   RO         1029    i.App_TaskStatHook  os_apphooks.o
    0x000001fe   0x000001fe   0x00000002   Code   RO         1031    i.App_TimeTickHook  os_apphooks.o
    0x00000200   0x00000200   0x00000068   Code   RO          235    i.OSEventNameSet    os_core.o
    0x00000268   0x00000268   0x00000038   Code   RO          237    i.OSInit            os_core.o
    0x000002a0   0x000002a0   0x0000000c   Code   RO          126    i.OSInitHookBegin   os_cpu_c.o
    0x000002ac   0x000002ac   0x00000002   Code   RO          127    i.OSInitHookEnd     os_cpu_c.o
    0x000002ae   0x000002ae   0x00000002   PAD
    0x000002b0   0x000002b0   0x00000040   Code   RO          240    i.OSSchedLock       os_core.o
    0x000002f0   0x000002f0   0x0000000c   Code   RO          128    i.OSTCBInitHook     os_cpu_c.o
    0x000002fc   0x000002fc   0x00000004   Code   RO          116    .ARM.__at_0x02FC    startup_lpc17xx.o
    0x00000300   0x00000300   0x0000015c   Code   RO          219    i.OSDebugInit       os_dbg.o
    0x0000045c   0x0000045c   0x00000090   Code   RO          239    i.OSIntExit         os_core.o
    0x000004ec   0x000004ec   0x00000060   Code   RO          241    i.OSSchedUnlock     os_core.o
    0x0000054c   0x0000054c   0x00000054   Code   RO          749    i.OSSemCreate       os_sem.o
    0x000005a0   0x000005a0   0x000000f8   Code   RO          751    i.OSSemPend         os_sem.o
    0x00000698   0x00000698   0x0000005e   Code   RO          753    i.OSSemPost         os_sem.o
    0x000006f6   0x000006f6   0x00000002   PAD
    0x000006f8   0x000006f8   0x00000048   Code   RO          242    i.OSStart           os_core.o
    0x00000740   0x00000740   0x0000004c   Code   RO          243    i.OSStatInit        os_core.o
    0x0000078c   0x0000078c   0x000000c0   Code   RO          804    i.OSTaskCreateExt   os_task.o
    0x0000084c   0x0000084c   0x0000000c   Code   RO          129    i.OSTaskCreateHook  os_cpu_c.o
    0x00000858   0x00000858   0x0000016c   Code   RO          805    i.OSTaskDel         os_task.o
    0x000009c4   0x000009c4   0x0000000c   Code   RO          130    i.OSTaskDelHook     os_cpu_c.o
    0x000009d0   0x000009d0   0x00000008   Code   RO          131    i.OSTaskIdleHook    os_cpu_c.o
    0x000009d8   0x000009d8   0x00000084   Code   RO          808    i.OSTaskNameSet     os_task.o
    0x00000a5c   0x00000a5c   0x00000002   Code   RO         1032    i.OSTaskReturnHook  os_apphooks.o
    0x00000a5e   0x00000a5e   0x00000008   Code   RO          132    i.OSTaskStatHook    os_cpu_c.o
    0x00000a66   0x00000a66   0x00000002   PAD
    0x00000a68   0x00000a68   0x000000a0   Code   RO          813    i.OSTaskStkChk      os_task.o
    0x00000b08   0x00000b08   0x0000009c   Code   RO          133    i.OSTaskStkInit     os_cpu_c.o
    0x00000ba4   0x00000ba4   0x000000bc   Code   RO          814    i.OSTaskSuspend     os_task.o
    0x00000c60   0x00000c60   0x00000078   Code   RO          898    i.OSTimeDly         os_time.o
    0x00000cd8   0x00000cd8   0x00000084   Code   RO          899    i.OSTimeDlyHMSM     os_time.o
    0x00000d5c   0x00000d5c   0x000000ec   Code   RO          244    i.OSTimeTick        os_core.o
    0x00000e48   0x00000e48   0x00000028   Code   RO          135    i.OSTimeTickHook    os_cpu_c.o
    0x00000e70   0x00000e70   0x00000014   Code   RO          938    i.OSTmrSignal       os_tmr.o
    0x00000e84   0x00000e84   0x000000f4   Code   RO          944    i.OSTmr_Init        os_tmr.o
    0x00000f78   0x00000f78   0x0000004c   Code   RO          945    i.OSTmr_InitTask    os_tmr.o
    0x00000fc4   0x00000fc4   0x0000006c   Code   RO          946    i.OSTmr_Link        os_tmr.o
    0x00001030   0x00001030   0x00000080   Code   RO          947    i.OSTmr_Task        os_tmr.o
    0x000010b0   0x000010b0   0x00000044   Code   RO          948    i.OSTmr_Unlink      os_tmr.o
    0x000010f4   0x000010f4   0x00000030   Code   RO          136    i.OS_CPU_SysTickInit  os_cpu_c.o
    0x00001124   0x00001124   0x00000002   Code   RO          246    i.OS_Dummy          os_core.o
    0x00001126   0x00001126   0x00000002   PAD
    0x00001128   0x00001128   0x00000090   Code   RO          247    i.OS_EventTaskRdy   os_core.o
    0x000011b8   0x000011b8   0x0000002a   Code   RO          248    i.OS_EventTaskRemove  os_core.o
    0x000011e2   0x000011e2   0x0000003a   Code   RO          249    i.OS_EventTaskRemoveMulti  os_core.o
    0x0000121c   0x0000121c   0x0000007c   Code   RO          250    i.OS_EventTaskWait  os_core.o
    0x00001298   0x00001298   0x0000001c   Code   RO          252    i.OS_EventWaitListInit  os_core.o
    0x000012b4   0x000012b4   0x00000058   Code   RO          455    i.OS_FlagInit       os_flag.o
    0x0000130c   0x0000130c   0x00000024   Code   RO          457    i.OS_FlagUnlink     os_flag.o
    0x00001330   0x00001330   0x00000060   Code   RO          253    i.OS_InitEventList  os_core.o
    0x00001390   0x00001390   0x00000054   Code   RO          254    i.OS_InitMisc       os_core.o
    0x000013e4   0x000013e4   0x00000044   Code   RO          255    i.OS_InitRdyList    os_core.o
    0x00001428   0x00001428   0x00000080   Code   RO          256    i.OS_InitTCBList    os_core.o
    0x000014a8   0x000014a8   0x0000004c   Code   RO          257    i.OS_InitTaskIdle   os_core.o
    0x000014f4   0x000014f4   0x0000004c   Code   RO          258    i.OS_InitTaskStat   os_core.o
    0x00001540   0x00001540   0x00000012   Code   RO          259    i.OS_MemClr         os_core.o
    0x00001552   0x00001552   0x00000002   PAD
    0x00001554   0x00001554   0x00000058   Code   RO          587    i.OS_MemInit        os_mem.o
    0x000015ac   0x000015ac   0x00000050   Code   RO          686    i.OS_QInit          os_q.o
    0x000015fc   0x000015fc   0x00000074   Code   RO          261    i.OS_Sched          os_core.o
    0x00001670   0x00001670   0x0000002c   Code   RO          262    i.OS_SchedNew       os_core.o
    0x0000169c   0x0000169c   0x00000134   Code   RO          264    i.OS_TCBInit        os_core.o
    0x000017d0   0x000017d0   0x00000028   Code   RO          265    i.OS_TaskIdle       os_core.o
    0x000017f8   0x000017f8   0x00000018   Code   RO          815    i.OS_TaskReturn     os_task.o
    0x00001810   0x00001810   0x00000088   Code   RO          266    i.OS_TaskStat       os_core.o
    0x00001898   0x00001898   0x0000003c   Code   RO          267    i.OS_TaskStatStkChk  os_core.o
    0x000018d4   0x000018d4   0x0000001a   Code   RO          816    i.OS_TaskStkClr     os_task.o
    0x000018ee   0x000018ee   0x00000002   PAD
    0x000018f0   0x000018f0   0x00000028   Code   RO          137    i.SysTick_Handler   os_cpu_c.o
    0x00001918   0x00001918   0x0000020c   Code   RO           95    i.SystemInit        system_lpc17xx.o
    0x00001b24   0x00001b24   0x0000000e   Code   RO         1105    i.__scatterload_copy  mc_w.l(handlers.o)
    0x00001b32   0x00001b32   0x00000002   Code   RO         1106    i.__scatterload_null  mc_w.l(handlers.o)
    0x00001b34   0x00001b34   0x0000000e   Code   RO         1107    i.__scatterload_zeroinit  mc_w.l(handlers.o)
    0x00001b42   0x00001b42   0x00000002   PAD
    0x00001b44   0x00001b44   0x0000005c   Code   RO            3    i.main              main.o
    0x00001ba0   0x00001ba0   0x00000074   Data   RO          220    .constdata          os_dbg.o
    0x00001c14   0x00001c14   0x00000100   Data   RO          269    .constdata          os_core.o
    0x00001d14   0x00001d14   0x00000020   Data   RO         1103    Region$$Table       anon$$obj.o


    Execution Region RW_IRAM1 (Exec base: 0x10000000, Load base: 0x00001d34, Size: 0x00001a40, Max: 0x00008000, ABSOLUTE)

    Exec Addr    Load Addr    Size         Type   Attr      Idx    E Section Name        Object

    0x10000000   0x00001d34   0x00000004   Data   RW           96    .data               system_lpc17xx.o
    0x10000004   0x00001d38   0x00000002   Data   RW          138    .data               os_cpu_c.o
    0x10000006   0x00001d3a   0x00000002   PAD
    0x10000008   0x00001d3c   0x00000060   Data   RW          270    .data               os_core.o
    0x10000068        -       0x00000100   Zero   RW            4    .bss                main.o
    0x10000168        -       0x000010d8   Zero   RW          268    .bss                os_core.o
    0x10001240        -       0x00000800   Zero   RW          113    STACK               startup_lpc17xx.o


==============================================================================

Image component sizes


      Code (inc. data)   RO Data    RW Data    ZI Data      Debug   Object Name

         0          0          0          0          0         32   core_cm3.o
       142         26          0          0        256      23174   main.o
        14          0          0          0          0       3145   os_apphooks.o
      2496        408        256         96       4312      24721   os_core.o
       160         28          0          0          0        368   os_cpu_a.o
       350         26          0          2          0      16462   os_cpu_c.o
       348        230        116          0          0       3514   os_dbg.o
       124         14          0          0          0       1190   os_flag.o
        88         14          0          0          0        533   os_mem.o
        80          8          0          0          0        559   os_q.o
       426         24          0          0          0       2454   os_sem.o
      1086        104          0          0          0       5977   os_task.o
       252         28          0          0          0       1440   os_time.o
       644        132          0          0          0       3847   os_tmr.o
        40         12        196          0       2048       1120   startup_lpc17xx.o
       524         28          0          4          0        935   system_lpc17xx.o

    ----------------------------------------------------------------------
      6788       1082        600        104       6616      89471   Object Totals
         0          0         32          0          0          0   (incl. Generated)
        14          0          0          2          0          0   (incl. Padding)

    ----------------------------------------------------------------------

      Code (inc. data)   RO Data    RW Data    ZI Data      Debug   Library Member Name

         0          0          0          0          0          0   entry.o
         0          0          0          0          0          0   entry10a.o
         0          0          0          0          0          0   entry11a.o
         8          4          0          0          0          0   entry2.o
         4          0          0          0          0          0   entry5.o
         0          0          0          0          0          0   entry7b.o
         0          0          0          0          0          0   entry8b.o
         8          4          0          0          0          0   entry9a.o
        30          0          0          0          0          0   handlers.o
        36          8          0          0          0         68   init.o

    ----------------------------------------------------------------------
        88         16          0          0          0         68   Library Totals
         2          0          0          0          0          0   (incl. Padding)

    ----------------------------------------------------------------------

      Code (inc. data)   RO Data    RW Data    ZI Data      Debug   Library Name

        86         16          0          0          0         68   mc_w.l

    ----------------------------------------------------------------------
        88         16          0          0          0         68   Library Totals

    ----------------------------------------------------------------------

==============================================================================


      Code (inc. data)   RO Data    RW Data    ZI Data      Debug   

      6876       1098        600        104       6616      86207   Grand Totals
      6876       1098        600        104       6616      86207   ELF Image Totals
      6876       1098        600        104          0          0   ROM Totals

==============================================================================

    Total RO  Size (Code + RO Data)                 7476 (   7.30kB)
    Total RW  Size (RW Data + ZI Data)              6720 (   6.56kB)
    Total ROM Size (Code + RO Data + RW Data)       7580 (   7.40kB)

==============================================================================

