<html>
<body>
<pre>
<h1>µVision Build Log</h1>
<h2>Project:</h2>
X:\My project\uCOSII2.91\MDK-ARM\LandTiger.uvproj
Project File Date:  11/22/2011

<h2>Output:</h2>
Build target 'LandTiger V2.0'
compiling main.c...
compiling core_cm3.c...
compiling system_LPC17xx.c...
assembling startup_LPC17xx.s...
assembling os_cpu_a.asm...
compiling os_cpu_c.c...
compiling os_dbg.c...
compiling os_core.c...
compiling os_flag.c...
compiling os_mbox.c...
compiling os_mem.c...
compiling os_mutex.c...
compiling os_q.c...
compiling os_sem.c...
compiling os_task.c...
compiling os_time.c...
compiling os_tmr.c...
compiling OS_AppHooks.c...
linking...
Program Size: Code=7096 RO-data=600 RW-data=104 ZI-data=6616  
FromELF: creating hex file...
".\Obj\LandTiger.axf" - 0 Error(s), 0 Warning(s).
Build target 'LandTiger V2.0'
compiling main.c...
compiling core_cm3.c...
compiling system_LPC17xx.c...
assembling startup_LPC17xx.s...
assembling os_cpu_a.asm...
compiling os_cpu_c.c...
compiling os_dbg.c...
compiling os_core.c...
compiling os_flag.c...
compiling os_mbox.c...
compiling os_mem.c...
compiling os_mutex.c...
compiling os_q.c...
compiling os_sem.c...
compiling os_task.c...
compiling os_time.c...
compiling os_tmr.c...
compiling OS_AppHooks.c...
linking...
Program Size: Code=7096 RO-data=600 RW-data=104 ZI-data=6616  
FromELF: creating hex file...
".\Obj\LandTiger.axf" - 0 Error(s), 0 Warning(s).
Build target 'LandTiger V2.0'
compiling main.c...
..\USER\ucCos_App\includes.h(40): error:  #5: cannot open source input file "uCOS-VIEW\Ports\ARM-Cortex-M3\Realview\os_viewc.h": No such file or directory
..\USER\ucCos_App\includes.h:   #include    <uCOS-VIEW\Ports\ARM-Cortex-M3\Realview\os_viewc.h>
..\USER\ucCos_App\includes.h:                                                                  ^
..\USER\ucCos_App\includes.h: ..\USER\main.c: 0 warnings, 1 error
compiling core_cm3.c...
compiling system_LPC17xx.c...
assembling startup_LPC17xx.s...
assembling os_cpu_a.asm...
compiling os_cpu_c.c...
compiling os_dbg.c...
compiling os_core.c...
compiling os_flag.c...
compiling os_mbox.c...
compiling os_mem.c...
compiling os_mutex.c...
compiling os_q.c...
compiling os_sem.c...
compiling os_task.c...
compiling os_time.c...
compiling os_tmr.c...
compiling OS_AppHooks.c...
..\USER\ucCos_App\includes.h(40): error:  #5: cannot open source input file "uCOS-VIEW\Ports\ARM-Cortex-M3\Realview\os_viewc.h": No such file or directory
..\USER\ucCos_App\includes.h:   #include    <uCOS-VIEW\Ports\ARM-Cortex-M3\Realview\os_viewc.h>
..\USER\ucCos_App\includes.h:                                                                  ^
..\USER\ucCos_App\includes.h: ..\USER\ucCos_App\OS_AppHooks.c: 0 warnings, 1 error
Target not created
Build target 'LandTiger V2.0'
compiling main.c...
compiling core_cm3.c...
compiling system_LPC17xx.c...
assembling startup_LPC17xx.s...
assembling os_cpu_a.asm...
compiling os_cpu_c.c...
compiling os_dbg.c...
compiling os_core.c...
compiling os_flag.c...
compiling os_mbox.c...
compiling os_mem.c...
compiling os_mutex.c...
compiling os_q.c...
compiling os_sem.c...
compiling os_task.c...
compiling os_time.c...
compiling os_tmr.c...
compiling OS_AppHooks.c...
linking...
Program Size: Code=7096 RO-data=600 RW-data=104 ZI-data=6616  
FromELF: creating hex file...
".\Obj\LandTiger.axf" - 0 Error(s), 0 Warning(s).
