<html>
<body>
<pre>
<h1>礦ision Build Log</h1>
<h2>Tool Versions:</h2>
IDE-Version: μVision V5.24.2.0
Copyright (C) 2017 ARM Ltd and ARM Germany GmbH. All rights reserved.
License Information: wen huafeng, HINSTON, LIC=LSNRA-12SUK-QCAJ5-G7MG2-T95MC-5UGJ7
 
Tool Versions:
Toolchain:       MDK-ARM Plus  Version: 5.24.1
Toolchain Path:  C:\Keil_v5\ARM\ARMCC\Bin
C Compiler:      Armcc.exe V5.06 update 5 (build 528)
Assembler:       Armasm.exe V5.06 update 5 (build 528)
Linker/Locator:  ArmLink.exe V5.06 update 5 (build 528)
Library Manager: ArmAr.exe V5.06 update 5 (build 528)
Hex Converter:   FromElf.exe V5.06 update 5 (build 528)
CPU DLL:         SARMCM3.DLL V5.24.1
Dialog DLL:      DARMP1.DLL V1.27.0.0
Target DLL:      Segger\JL2CM3.dll V2.99.26.0
Dialog DLL:      TARMP1.DLL V1.26.0.0
 
<h2>Project:</h2>
E:\重要文件\安迅\uCOS\uCOS-II2.91\MDK-ARM\LandTiger.uvproj
Project File Date:  04/25/2019

<h2>Output:</h2>
*** Using Compiler 'V5.06 update 5 (build 528)', folder: 'C:\Keil_v5\ARM\ARMCC\Bin'
Rebuild target 'LandTiger V2.0'
assembling startup_LPC17xx.s...
compiling system_LPC17xx.c...
assembling os_cpu_a.asm...
compiling main.c...
compiling core_cm3.c...
compiling os_cpu_c.c...
compiling os_dbg.c...
compiling os_core.c...
compiling os_flag.c...
compiling os_mbox.c...
compiling os_mem.c...
compiling os_mutex.c...
compiling os_sem.c...
compiling os_q.c...
compiling os_task.c...
compiling os_time.c...
compiling OS_AppHooks.c...
compiling os_tmr.c...
linking...
Program Size: Code=6876 RO-data=600 RW-data=104 ZI-data=6616  
FromELF: creating hex file...
".\Obj\LandTiger.axf" - 0 Error(s), 0 Warning(s).
Build Time Elapsed:  00:00:08
</pre>
</body>
</html>
